#
# There is insufficient memory for the Java Runtime Environment to continue.
# Native memory allocation (malloc) failed to allocate 1048576 bytes. Error detail: AllocateHeap
# Possible reasons:
#   The system is out of physical RAM or swap space
#   This process is running with CompressedOops enabled, and the Java Heap may be blocking the growth of the native heap
# Possible solutions:
#   Reduce memory load on the system
#   Increase physical memory or swap space
#   Check if swap backing store is full
#   Decrease Java heap size (-Xmx/-Xms)
#   Decrease number of Java threads
#   Decrease Java thread stack sizes (-Xss)
#   Set larger code cache with -XX:ReservedCodeCacheSize=
#   JVM is running with Zero Based Compressed Oops mode in which the Java heap is
#     placed in the first 32GB address space. The Java Heap base address is the
#     maximum limit for the native heap growth. Please use -XX:HeapBaseMinAddress
#     to set the Java Heap base and to place the Java Heap above 32GB virtual address.
# This output file may be truncated or incomplete.
#
#  Out of Memory Error (allocation.cpp:44), pid=22688, tid=9752
#
# JRE version: OpenJDK Runtime Environment Temurin-21.0.11+10 (21.0.11+10) (build 21.0.11+10-LTS)
# Java VM: OpenJDK 64-Bit Server VM Temurin-21.0.11+10 (21.0.11+10-LTS, mixed mode, sharing, tiered, compressed oops, compressed class ptrs, g1 gc, windows-amd64)
# No core dump will be written. Minidumps are not enabled by default on client versions of Windows
#

---------------  S U M M A R Y ------------

Command Line: --add-modules=ALL-SYSTEM --add-opens=java.base/java.util=ALL-UNNAMED --add-opens=java.base/java.lang=ALL-UNNAMED --add-opens=java.base/sun.nio.fs=ALL-UNNAMED -Declipse.application=org.eclipse.jdt.ls.core.id1 -Dosgi.bundles.defaultStartLevel=4 -Declipse.product=org.eclipse.jdt.ls.core.product -Djava.import.generatesMetadataFilesAtProjectRoot=false -DDetectVMInstallationsJob.disabled=true -Dfile.encoding=utf8 -Xlog:disable -javaagent:c:\Users\ASUS\.vscode\extensions\redhat.java-1.55.0-win32-x64\lombok\lombok-1.18.39-4050.jar -XX:+HeapDumpOnOutOfMemoryError -XX:HeapDumpPath=c:\Users\ASUS\AppData\Roaming\Code\User\workspaceStorage\4b27e2fea5c82209b7a84ff80160f06c\redhat.java -Daether.dependencyCollector.impl=bf c:\Users\ASUS\.vscode\extensions\redhat.java-1.55.0-win32-x64\server\plugins\org.eclipse.equinox.launcher_1.7.200.v20260619-2039.jar -configuration c:\Users\ASUS\AppData\Roaming\Code\User\globalStorage\redhat.java\1.55.0\config_win -data c:\Users\ASUS\AppData\Roaming\Code\User\workspaceStorage\4b27e2fea5c82209b7a84ff80160f06c\redhat.java\jdt_ws --pipe=\\.\pipe\lsp-c37caae4a3f74bcabe0ec694ed2d28bb-sock

Host: 12th Gen Intel(R) Core(TM) i7-1260P, 16 cores, 15G,  Windows 11 , 64 bit Build 26100 (10.0.26100.8875)
Time: Sun Jul 26 01:41:27 2026 SE Asia Standard Time elapsed time: 570.850645 seconds (0d 0h 9m 30s)

---------------  T H R E A D  ---------------

Current thread (0x000002aead85c9e0):  JavaThread "Attach Listener" daemon [_thread_in_vm, id=9752, stack(0x000000f2b4300000,0x000000f2b4400000) (1024K)]

Stack: [0x000000f2b4300000,0x000000f2b4400000]
Native frames: (J=compiled Java code, j=interpreted, Vv=VM code, C=native code)
V  [jvm.dll+0x6d7e19]
V  [jvm.dll+0x8b5096]
V  [jvm.dll+0x8b764e]
V  [jvm.dll+0x8b7d33]
V  [jvm.dll+0x284596]
V  [jvm.dll+0xc13c7]
V  [jvm.dll+0x6d86c9]
V  [jvm.dll+0x133616]
V  [jvm.dll+0x3f868e]
V  [jvm.dll+0x85fb0d]
V  [jvm.dll+0x6d664d]
C  [ucrtbase.dll+0x2cd30]
C  [KERNEL32.DLL+0x2e957]
C  [ntdll.dll+0xaad6c]


---------------  P R O C E S S  ---------------

Threads class SMR info:
_java_thread_list=0x000002aef759b770, length=74, elements={
0x000002ae90c09890, 0x000002aead8564b0, 0x000002aead856f10, 0x000002aead85bd20,
0x000002aead85c9e0, 0x000002aead85d6c0, 0x000002aead8602a0, 0x000002aead85e450,
0x000002aead878090, 0x000002aeada0a7e0, 0x000002aef314fd40, 0x000002aef3bcd7e0,
0x000002aeadb45190, 0x000002aef3bd0ff0, 0x000002aef3ec9420, 0x000002aef33a20c0,
0x000002aef3fa6980, 0x000002aef4318b90, 0x000002aef3a32150, 0x000002aef3a33500,
0x000002aef6686ac0, 0x000002aef6685da0, 0x000002aef6685080, 0x000002aef6686430,
0x000002aef6687150, 0x000002aef6683cd0, 0x000002aef66877e0, 0x000002aef6684360,
0x000002aef6687e70, 0x000002aef66849f0, 0x000002aef6688500, 0x000002aef6688b90,
0x000002aef6689220, 0x000002aef66898b0, 0x000002aef668ac60, 0x000002aef668b2f0,
0x000002aef6689f40, 0x000002aef668a5d0, 0x000002aef5aa4d30, 0x000002aef5aa53c0,
0x000002aef5aa5a50, 0x000002aef5aa3980, 0x000002aef5aa6770, 0x000002aef5aa6e00,
0x000002aef5aa7490, 0x000002aef5aa4010, 0x000002aef5aa9560, 0x000002aef5aa9bf0,
0x000002aef5aa81b0, 0x000002aef5aa7b20, 0x000002aef5aaa910, 0x000002aef5aa8840,
0x000002aef5aaafa0, 0x000002aef5aa8ed0, 0x000002aef7626190, 0x000002aef7628f80,
0x000002aef7628260, 0x000002aef7625b00, 0x000002aef76288f0, 0x000002aef7629610,
0x000002aef7626eb0, 0x000002aef7629ca0, 0x000002aef7627bd0, 0x000002aef7626820,
0x000002aef762c400, 0x000002aef762a9c0, 0x000002aef762bd70, 0x000002aef762ca90,
0x000002aef762d120, 0x000002aef761d250, 0x000002aef8956be0, 0x000002aef85811d0,
0x000002aef8581ef0, 0x000002aef8951d20
}

Java Threads: ( => current thread )
  0x000002ae90c09890 JavaThread "main"                              [_thread_blocked, id=31408, stack(0x000000f2b3800000,0x000000f2b3900000) (1024K)]
  0x000002aead8564b0 JavaThread "Reference Handler"          daemon [_thread_blocked, id=27836, stack(0x000000f2b4000000,0x000000f2b4100000) (1024K)]
  0x000002aead856f10 JavaThread "Finalizer"                  daemon [_thread_blocked, id=2736, stack(0x000000f2b4100000,0x000000f2b4200000) (1024K)]
  0x000002aead85bd20 JavaThread "Signal Dispatcher"          daemon [_thread_blocked, id=11048, stack(0x000000f2b4200000,0x000000f2b4300000) (1024K)]
=>0x000002aead85c9e0 JavaThread "Attach Listener"            daemon [_thread_in_vm, id=9752, stack(0x000000f2b4300000,0x000000f2b4400000) (1024K)]
  0x000002aead85d6c0 JavaThread "Service Thread"             daemon [_thread_blocked, id=4712, stack(0x000000f2b4400000,0x000000f2b4500000) (1024K)]
  0x000002aead8602a0 JavaThread "Monitor Deflation Thread"   daemon [_thread_blocked, id=18080, stack(0x000000f2b4500000,0x000000f2b4600000) (1024K)]
  0x000002aead85e450 JavaThread "C2 CompilerThread0"         daemon [_thread_blocked, id=17512, stack(0x000000f2b4600000,0x000000f2b4700000) (1024K)]
  0x000002aead878090 JavaThread "C1 CompilerThread0"         daemon [_thread_blocked, id=32484, stack(0x000000f2b4700000,0x000000f2b4800000) (1024K)]
  0x000002aeada0a7e0 JavaThread "Common-Cleaner"             daemon [_thread_blocked, id=3700, stack(0x000000f2b4b00000,0x000000f2b4c00000) (1024K)]
  0x000002aef314fd40 JavaThread "Notification Thread"        daemon [_thread_blocked, id=32252, stack(0x000000f2b4d00000,0x000000f2b4e00000) (1024K)]
  0x000002aef3bcd7e0 JavaThread "Active Thread: Equinox Container: 3f90acaf-718e-4b2d-9cf0-b00120535f1f"        [_thread_blocked, id=9052, stack(0x000000f2b5700000,0x000000f2b5800000) (1024K)]
  0x000002aeadb45190 JavaThread "Refresh Thread: Equinox Container: 3f90acaf-718e-4b2d-9cf0-b00120535f1f" daemon [_thread_blocked, id=30464, stack(0x000000f2b4800000,0x000000f2b4900000) (1024K)]
  0x000002aef3bd0ff0 JavaThread "Framework Event Dispatcher: Equinox Container: 3f90acaf-718e-4b2d-9cf0-b00120535f1f" daemon [_thread_blocked, id=32472, stack(0x000000f2b4900000,0x000000f2b4a00000) (1024K)]
  0x000002aef3ec9420 JavaThread "Start Level: Equinox Container: 3f90acaf-718e-4b2d-9cf0-b00120535f1f" daemon [_thread_blocked, id=18436, stack(0x000000f2b4a00000,0x000000f2b4b00000) (1024K)]
  0x000002aef33a20c0 JavaThread "Bundle File Closer"         daemon [_thread_blocked, id=32704, stack(0x000000f2b5600000,0x000000f2b5700000) (1024K)]
  0x000002aef3fa6980 JavaThread "SCR Component Actor"        daemon [_thread_blocked, id=11712, stack(0x000000f2b5500000,0x000000f2b5600000) (1024K)]
  0x000002aef4318b90 JavaThread "Worker-JM"                         [_thread_blocked, id=3476, stack(0x000000f2b5d00000,0x000000f2b5e00000) (1024K)]
  0x000002aef3a32150 JavaThread "JNA Cleaner"                daemon [_thread_blocked, id=2772, stack(0x000000f2b5e00000,0x000000f2b5f00000) (1024K)]
  0x000002aef3a33500 JavaThread "Java indexing"              daemon [_thread_blocked, id=12616, stack(0x000000f2b6700000,0x000000f2b6800000) (1024K)]
  0x000002aef6686ac0 JavaThread "Worker-2"                          [_thread_blocked, id=24312, stack(0x000000f2b6a00000,0x000000f2b6b00000) (1024K)]
  0x000002aef6685da0 JavaThread "Thread-1"                   daemon [_thread_in_native, id=24604, stack(0x000000f2b6d00000,0x000000f2b6e00000) (1024K)]
  0x000002aef6685080 JavaThread "Thread-2"                   daemon [_thread_in_native, id=29744, stack(0x000000f2b6e00000,0x000000f2b6f00000) (1024K)]
  0x000002aef6686430 JavaThread "Thread-3"                   daemon [_thread_in_native, id=2260, stack(0x000000f2b6f00000,0x000000f2b7000000) (1024K)]
  0x000002aef6687150 JavaThread "Thread-4"                   daemon [_thread_in_native, id=30568, stack(0x000000f2b7000000,0x000000f2b7100000) (1024K)]
  0x000002aef6683cd0 JavaThread "Thread-5"                   daemon [_thread_in_native, id=15596, stack(0x000000f2b7100000,0x000000f2b7200000) (1024K)]
  0x000002aef66877e0 JavaThread "Thread-6"                   daemon [_thread_in_native, id=13644, stack(0x000000f2b7200000,0x000000f2b7300000) (1024K)]
  0x000002aef6684360 JavaThread "Thread-7"                   daemon [_thread_in_native, id=12632, stack(0x000000f2b7300000,0x000000f2b7400000) (1024K)]
  0x000002aef6687e70 JavaThread "Thread-8"                   daemon [_thread_in_native, id=16832, stack(0x000000f2b7400000,0x000000f2b7500000) (1024K)]
  0x000002aef66849f0 JavaThread "Thread-9"                   daemon [_thread_in_native, id=31264, stack(0x000000f2b7500000,0x000000f2b7600000) (1024K)]
  0x000002aef6688500 JavaThread "Thread-10"                  daemon [_thread_in_native, id=12904, stack(0x000000f2b7600000,0x000000f2b7700000) (1024K)]
  0x000002aef6688b90 JavaThread "Thread-11"                  daemon [_thread_in_native, id=11768, stack(0x000000f2b7700000,0x000000f2b7800000) (1024K)]
  0x000002aef6689220 JavaThread "Thread-12"                  daemon [_thread_in_native, id=6008, stack(0x000000f2b7800000,0x000000f2b7900000) (1024K)]
  0x000002aef66898b0 JavaThread "Thread-13"                  daemon [_thread_in_native, id=29684, stack(0x000000f2b7900000,0x000000f2b7a00000) (1024K)]
  0x000002aef668ac60 JavaThread "Thread-14"                  daemon [_thread_in_native, id=2544, stack(0x000000f2b7a00000,0x000000f2b7b00000) (1024K)]
  0x000002aef668b2f0 JavaThread "Thread-15"                  daemon [_thread_in_native, id=17236, stack(0x000000f2b7b00000,0x000000f2b7c00000) (1024K)]
  0x000002aef6689f40 JavaThread "Thread-16"                  daemon [_thread_in_native, id=25676, stack(0x000000f2b7c00000,0x000000f2b7d00000) (1024K)]
  0x000002aef668a5d0 JavaThread "Thread-17"                  daemon [_thread_in_native, id=20456, stack(0x000000f2b7d00000,0x000000f2b7e00000) (1024K)]
  0x000002aef5aa4d30 JavaThread "pool-2-thread-1"                   [_thread_blocked, id=17096, stack(0x000000f2b7e00000,0x000000f2b7f00000) (1024K)]
  0x000002aef5aa53c0 JavaThread "WorkspaceEventsHandler"            [_thread_blocked, id=1204, stack(0x000000f2b8200000,0x000000f2b8300000) (1024K)]
  0x000002aef5aa5a50 JavaThread "pool-1-thread-1"                   [_thread_blocked, id=31876, stack(0x000000f2b8300000,0x000000f2b8400000) (1024K)]
  0x000002aef5aa3980 JavaThread "ForkJoinPool.commonPool-worker-1" daemon [_thread_blocked, id=20700, stack(0x000000f2b8400000,0x000000f2b8500000) (1024K)]
  0x000002aef5aa6770 JavaThread "ForkJoinPool.commonPool-worker-2" daemon [_thread_blocked, id=31276, stack(0x000000f2b8500000,0x000000f2b8600000) (1024K)]
  0x000002aef5aa6e00 JavaThread "ForkJoinPool.commonPool-worker-3" daemon [_thread_blocked, id=31880, stack(0x000000f2b8600000,0x000000f2b8700000) (1024K)]
  0x000002aef5aa7490 JavaThread "ForkJoinPool.commonPool-worker-4" daemon [_thread_blocked, id=2268, stack(0x000000f2b8700000,0x000000f2b8800000) (1024K)]
  0x000002aef5aa4010 JavaThread "ForkJoinPool.commonPool-worker-5" daemon [_thread_blocked, id=27980, stack(0x000000f2b8800000,0x000000f2b8900000) (1024K)]
  0x000002aef5aa9560 JavaThread "ForkJoinPool.commonPool-worker-6" daemon [_thread_blocked, id=7480, stack(0x000000f2b8900000,0x000000f2b8a00000) (1024K)]
  0x000002aef5aa9bf0 JavaThread "ForkJoinPool.commonPool-worker-7" daemon [_thread_blocked, id=1696, stack(0x000000f2b8a00000,0x000000f2b8b00000) (1024K)]
  0x000002aef5aa81b0 JavaThread "ForkJoinPool.commonPool-worker-9" daemon [_thread_blocked, id=32400, stack(0x000000f2b8c00000,0x000000f2b8d00000) (1024K)]
  0x000002aef5aa7b20 JavaThread "ForkJoinPool.commonPool-worker-10" daemon [_thread_blocked, id=5848, stack(0x000000f2b8d00000,0x000000f2b8e00000) (1024K)]
  0x000002aef5aaa910 JavaThread "ForkJoinPool.commonPool-worker-11" daemon [_thread_blocked, id=7796, stack(0x000000f2b8e00000,0x000000f2b8f00000) (1024K)]
  0x000002aef5aa8840 JavaThread "ForkJoinPool.commonPool-worker-12" daemon [_thread_blocked, id=21220, stack(0x000000f2b8f00000,0x000000f2b9000000) (1024K)]
  0x000002aef5aaafa0 JavaThread "ForkJoinPool.commonPool-worker-13" daemon [_thread_blocked, id=30544, stack(0x000000f2b9000000,0x000000f2b9100000) (1024K)]
  0x000002aef5aa8ed0 JavaThread "ForkJoinPool.commonPool-worker-14" daemon [_thread_blocked, id=25368, stack(0x000000f2b9100000,0x000000f2b9200000) (1024K)]
  0x000002aef7626190 JavaThread "PatternSearchJob-worker-1"  daemon [_thread_blocked, id=28568, stack(0x000000f2b7f00000,0x000000f2b8000000) (1024K)]
  0x000002aef7628f80 JavaThread "PatternSearchJob-worker-2"  daemon [_thread_blocked, id=23844, stack(0x000000f2b8100000,0x000000f2b8200000) (1024K)]
  0x000002aef7628260 JavaThread "PatternSearchJob-worker-3"  daemon [_thread_blocked, id=14464, stack(0x000000f2b9300000,0x000000f2b9400000) (1024K)]
  0x000002aef7625b00 JavaThread "PatternSearchJob-worker-4"  daemon [_thread_blocked, id=6640, stack(0x000000f2b9400000,0x000000f2b9500000) (1024K)]
  0x000002aef76288f0 JavaThread "PatternSearchJob-worker-5"  daemon [_thread_blocked, id=1716, stack(0x000000f2b9500000,0x000000f2b9600000) (1024K)]
  0x000002aef7629610 JavaThread "PatternSearchJob-worker-6"  daemon [_thread_blocked, id=31336, stack(0x000000f2b9600000,0x000000f2b9700000) (1024K)]
  0x000002aef7626eb0 JavaThread "PatternSearchJob-worker-7"  daemon [_thread_blocked, id=6296, stack(0x000000f2b9700000,0x000000f2b9800000) (1024K)]
  0x000002aef7629ca0 JavaThread "PatternSearchJob-worker-8"  daemon [_thread_blocked, id=12252, stack(0x000000f2b9800000,0x000000f2b9900000) (1024K)]
  0x000002aef7627bd0 JavaThread "PatternSearchJob-worker-9"  daemon [_thread_blocked, id=7344, stack(0x000000f2b9900000,0x000000f2b9a00000) (1024K)]
  0x000002aef7626820 JavaThread "PatternSearchJob-worker-10" daemon [_thread_blocked, id=2756, stack(0x000000f2b9a00000,0x000000f2b9b00000) (1024K)]
  0x000002aef762c400 JavaThread "PatternSearchJob-worker-11" daemon [_thread_blocked, id=5544, stack(0x000000f2b9b00000,0x000000f2b9c00000) (1024K)]
  0x000002aef762a9c0 JavaThread "PatternSearchJob-worker-12" daemon [_thread_blocked, id=16740, stack(0x000000f2b9c00000,0x000000f2b9d00000) (1024K)]
  0x000002aef762bd70 JavaThread "PatternSearchJob-worker-13" daemon [_thread_blocked, id=21076, stack(0x000000f2b9d00000,0x000000f2b9e00000) (1024K)]
  0x000002aef762ca90 JavaThread "PatternSearchJob-worker-14" daemon [_thread_blocked, id=32308, stack(0x000000f2b9e00000,0x000000f2b9f00000) (1024K)]
  0x000002aef762d120 JavaThread "PatternSearchJob-worker-15" daemon [_thread_blocked, id=21028, stack(0x000000f2b9f00000,0x000000f2ba000000) (1024K)]
  0x000002aef761d250 JavaThread "Cleaner-0"                  daemon [_thread_blocked, id=12092, stack(0x000000f2ba200000,0x000000f2ba300000) (1024K)]
  0x000002aef8956be0 JavaThread "Worker-6"                          [_thread_blocked, id=10752, stack(0x000000f2b5c00000,0x000000f2b5d00000) (1024K)]
  0x000002aef85811d0 JavaThread "Compiler Source File Reader" daemon [_thread_blocked, id=9056, stack(0x000000f2b5800000,0x000000f2b5900000) (1024K)]
  0x000002aef8581ef0 JavaThread "Compiler Source File Reader" daemon [_thread_blocked, id=5608, stack(0x000000f2b6800000,0x000000f2b6900000) (1024K)]
  0x000002aef8951d20 JavaThread "Compiler Source File Reader" daemon [_thread_blocked, id=29792, stack(0x000000f2b5a00000,0x000000f2b5b00000) (1024K)]
Total: 74

Other Threads:
  0x000002aead82c660 VMThread "VM Thread"                           [id=31096, stack(0x000000f2b3f00000,0x000000f2b4000000) (1024K)]
  0x000002aead818ff0 WatcherThread "VM Periodic Task Thread"        [id=17456, stack(0x000000f2b3e00000,0x000000f2b3f00000) (1024K)]
  0x000002ae90eddc20 WorkerThread "GC Thread#0"                     [id=15796, stack(0x000000f2b3900000,0x000000f2b3a00000) (1024K)]
  0x000002aef362eb80 WorkerThread "GC Thread#1"                     [id=18624, stack(0x000000f2b4f00000,0x000000f2b5000000) (1024K)]
  0x000002aef362ef30 WorkerThread "GC Thread#2"                     [id=16460, stack(0x000000f2b5000000,0x000000f2b5100000) (1024K)]
  0x000002aef362f2e0 WorkerThread "GC Thread#3"                     [id=2804, stack(0x000000f2b5100000,0x000000f2b5200000) (1024K)]
  0x000002aef36301a0 WorkerThread "GC Thread#4"                     [id=28260, stack(0x000000f2b5200000,0x000000f2b5300000) (1024K)]
  0x000002aef362fa40 WorkerThread "GC Thread#5"                     [id=28788, stack(0x000000f2b5300000,0x000000f2b5400000) (1024K)]
  0x000002aef3630550 WorkerThread "GC Thread#6"                     [id=12872, stack(0x000000f2b5400000,0x000000f2b5500000) (1024K)]
  0x000002aef362f690 WorkerThread "GC Thread#7"                     [id=27680, stack(0x000000f2b4c00000,0x000000f2b4d00000) (1024K)]
  0x000002aef3736cd0 WorkerThread "GC Thread#8"                     [id=28800, stack(0x000000f2b4e00000,0x000000f2b4f00000) (1024K)]
  0x000002aef3735e10 WorkerThread "GC Thread#9"                     [id=29688, stack(0x000000f2b5f00000,0x000000f2b6000000) (1024K)]
  0x000002aef37377e0 WorkerThread "GC Thread#10"                    [id=27664, stack(0x000000f2b6000000,0x000000f2b6100000) (1024K)]
  0x000002aef37356b0 WorkerThread "GC Thread#11"                    [id=11952, stack(0x000000f2b6100000,0x000000f2b6200000) (1024K)]
  0x000002aef3734090 WorkerThread "GC Thread#12"                    [id=24276, stack(0x000000f2b6200000,0x000000f2b6300000) (1024K)]
  0x000002ae90eee660 ConcurrentGCThread "G1 Main Marker"            [id=30948, stack(0x000000f2b3a00000,0x000000f2b3b00000) (1024K)]
  0x000002ae90eef080 WorkerThread "G1 Conc#0"                       [id=22464, stack(0x000000f2b3b00000,0x000000f2b3c00000) (1024K)]
  0x000002aef3733ce0 WorkerThread "G1 Conc#1"                       [id=32172, stack(0x000000f2b6500000,0x000000f2b6600000) (1024K)]
  0x000002aef37361c0 WorkerThread "G1 Conc#2"                       [id=31020, stack(0x000000f2b6600000,0x000000f2b6700000) (1024K)]
  0x000002aead6e5360 ConcurrentGCThread "G1 Refine#0"               [id=14148, stack(0x000000f2b3c00000,0x000000f2b3d00000) (1024K)]
  0x000002aead6e6ba0 ConcurrentGCThread "G1 Service"                [id=32596, stack(0x000000f2b3d00000,0x000000f2b3e00000) (1024K)]
Total: 21

Threads with active compile tasks:
Total: 0

VM state: not at safepoint (normal execution)

VM Mutex/Monitor currently owned by a thread: None

Heap address: 0x0000000704c00000, size: 4020 MB, Compressed Oops mode: Zero based, Oop shift amount: 3

CDS archive(s) mapped at: [0x000002aeae000000-0x000002aeaeba0000-0x000002aeaeba0000), size 12189696, SharedBaseAddress: 0x000002aeae000000, ArchiveRelocationMode: 1.
Compressed class space mapped at: 0x000002aeaf000000-0x000002aeef000000, reserved size: 1073741824
Narrow klass base: 0x000002aeae000000, Narrow klass shift: 0, Narrow klass range: 0x100000000

GC Precious Log:
 CardTable entry size: 512
 Card Set container configuration: InlinePtr #cards 4 size 8 Array Of Cards #cards 16 size 48 Howl #buckets 8 coarsen threshold 3686 Howl Bitmap #cards 512 size 80 coarsen threshold 460 Card regions per heap region 1 cards per card region 4096
 CPUs: 16 total, 16 available
 Memory: 16077M
 Large Page Support: Disabled
 NUMA Support: Disabled
 Compressed Oops: Enabled (Zero based)
 Heap Region Size: 2M
 Heap Min Capacity: 8M
 Heap Initial Capacity: 252M
 Heap Max Capacity: 4020M
 Pre-touch: Disabled
 Parallel Workers: 13
 Concurrent Workers: 3
 Concurrent Refinement Workers: 13
 Periodic GC: Disabled

Heap:
 garbage-first heap   total 315392K, used 143522K [0x0000000704c00000, 0x0000000800000000)
  region size 2048K, 14 young (28672K), 1 survivors (2048K)
 Metaspace       used 94296K, committed 96128K, reserved 1179648K
  class space    used 9634K, committed 10496K, reserved 1048576K

Heap Regions: E=young(eden), S=young(survivor), O=old, HS=humongous(starts), HC=humongous(continues), CS=collection set, F=free, TAMS=top-at-mark-start, PB=parsable bottom
|   0|0x0000000704c00000, 0x0000000704e00000, 0x0000000704e00000|100%| O|  |TAMS 0x0000000704c00000| PB 0x0000000704c00000| Untracked 
|   1|0x0000000704e00000, 0x0000000705000000, 0x0000000705000000|100%| O|  |TAMS 0x0000000704e00000| PB 0x0000000704e00000| Untracked 
|   2|0x0000000705000000, 0x0000000705200000, 0x0000000705200000|100%| O|  |TAMS 0x0000000705000000| PB 0x0000000705000000| Untracked 
|   3|0x0000000705200000, 0x0000000705400000, 0x0000000705400000|100%| O|  |TAMS 0x0000000705200000| PB 0x0000000705200000| Untracked 
|   4|0x0000000705400000, 0x0000000705600000, 0x0000000705600000|100%| O|  |TAMS 0x0000000705400000| PB 0x0000000705400000| Untracked 
|   5|0x0000000705600000, 0x0000000705800000, 0x0000000705800000|100%| O|  |TAMS 0x0000000705600000| PB 0x0000000705600000| Untracked 
|   6|0x0000000705800000, 0x0000000705a00000, 0x0000000705a00000|100%| O|  |TAMS 0x0000000705800000| PB 0x0000000705800000| Untracked 
|   7|0x0000000705a00000, 0x0000000705c00000, 0x0000000705c00000|100%| O|  |TAMS 0x0000000705a00000| PB 0x0000000705a00000| Untracked 
|   8|0x0000000705c00000, 0x0000000705e00000, 0x0000000705e00000|100%| O|  |TAMS 0x0000000705c00000| PB 0x0000000705c00000| Untracked 
|   9|0x0000000705e00000, 0x0000000706000000, 0x0000000706000000|100%| O|  |TAMS 0x0000000705e00000| PB 0x0000000705e00000| Untracked 
|  10|0x0000000706000000, 0x0000000706200000, 0x0000000706200000|100%| O|  |TAMS 0x0000000706000000| PB 0x0000000706000000| Untracked 
|  11|0x0000000706200000, 0x0000000706400000, 0x0000000706400000|100%| O|  |TAMS 0x0000000706200000| PB 0x0000000706200000| Untracked 
|  12|0x0000000706400000, 0x0000000706600000, 0x0000000706600000|100%| O|  |TAMS 0x0000000706400000| PB 0x0000000706400000| Untracked 
|  13|0x0000000706600000, 0x0000000706800000, 0x0000000706800000|100%| O|  |TAMS 0x0000000706600000| PB 0x0000000706600000| Untracked 
|  14|0x0000000706800000, 0x0000000706a00000, 0x0000000706a00000|100%| O|  |TAMS 0x0000000706800000| PB 0x0000000706800000| Untracked 
|  15|0x0000000706a00000, 0x0000000706c00000, 0x0000000706c00000|100%| O|  |TAMS 0x0000000706a00000| PB 0x0000000706a00000| Untracked 
|  16|0x0000000706c00000, 0x0000000706e00000, 0x0000000706e00000|100%| O|  |TAMS 0x0000000706c00000| PB 0x0000000706c00000| Untracked 
|  17|0x0000000706e00000, 0x0000000707000000, 0x0000000707000000|100%| O|  |TAMS 0x0000000706e00000| PB 0x0000000706e00000| Untracked 
|  18|0x0000000707000000, 0x0000000707188188, 0x0000000707200000| 76%| O|  |TAMS 0x0000000707000000| PB 0x0000000707000000| Untracked 
|  19|0x0000000707200000, 0x0000000707400000, 0x0000000707400000|100%| O|  |TAMS 0x0000000707200000| PB 0x0000000707200000| Untracked 
|  20|0x0000000707400000, 0x0000000707600000, 0x0000000707600000|100%| O|  |TAMS 0x0000000707400000| PB 0x0000000707400000| Untracked 
|  21|0x0000000707600000, 0x0000000707800000, 0x0000000707800000|100%| O|  |TAMS 0x0000000707600000| PB 0x0000000707600000| Untracked 
|  22|0x0000000707800000, 0x0000000707a00000, 0x0000000707a00000|100%| O|  |TAMS 0x0000000707800000| PB 0x0000000707800000| Untracked 
|  23|0x0000000707a00000, 0x0000000707c00000, 0x0000000707c00000|100%| O|  |TAMS 0x0000000707a00000| PB 0x0000000707a00000| Untracked 
|  24|0x0000000707c00000, 0x0000000707e00000, 0x0000000707e00000|100%| O|  |TAMS 0x0000000707c00000| PB 0x0000000707c00000| Untracked 
|  25|0x0000000707e00000, 0x0000000708000000, 0x0000000708000000|100%| O|  |TAMS 0x0000000707e00000| PB 0x0000000707e00000| Untracked 
|  26|0x0000000708000000, 0x0000000708200000, 0x0000000708200000|100%| O|  |TAMS 0x0000000708000000| PB 0x0000000708000000| Untracked 
|  27|0x0000000708200000, 0x0000000708400000, 0x0000000708400000|100%| O|  |TAMS 0x0000000708200000| PB 0x0000000708200000| Untracked 
|  28|0x0000000708400000, 0x0000000708600000, 0x0000000708600000|100%| O|  |TAMS 0x0000000708400000| PB 0x0000000708400000| Untracked 
|  29|0x0000000708600000, 0x0000000708800000, 0x0000000708800000|100%|HS|  |TAMS 0x0000000708600000| PB 0x0000000708600000| Complete 
|  30|0x0000000708800000, 0x0000000708a00000, 0x0000000708a00000|100%| O|  |TAMS 0x0000000708800000| PB 0x0000000708800000| Untracked 
|  31|0x0000000708a00000, 0x0000000708c00000, 0x0000000708c00000|100%| O|  |TAMS 0x0000000708a00000| PB 0x0000000708a00000| Untracked 
|  32|0x0000000708c00000, 0x0000000708e00000, 0x0000000708e00000|100%| O|  |TAMS 0x0000000708c00000| PB 0x0000000708c00000| Untracked 
|  33|0x0000000708e00000, 0x0000000709000000, 0x0000000709000000|100%| O|  |TAMS 0x0000000708e00000| PB 0x0000000708e00000| Untracked 
|  34|0x0000000709000000, 0x0000000709000000, 0x0000000709200000|  0%| F|  |TAMS 0x0000000709000000| PB 0x0000000709000000| Untracked 
|  35|0x0000000709200000, 0x0000000709400000, 0x0000000709400000|100%| O|  |TAMS 0x0000000709200000| PB 0x0000000709200000| Untracked 
|  36|0x0000000709400000, 0x0000000709600000, 0x0000000709600000|100%| O|  |TAMS 0x0000000709400000| PB 0x0000000709400000| Untracked 
|  37|0x0000000709600000, 0x0000000709800000, 0x0000000709800000|100%| O|  |TAMS 0x0000000709600000| PB 0x0000000709600000| Untracked 
|  38|0x0000000709800000, 0x0000000709800000, 0x0000000709a00000|  0%| F|  |TAMS 0x0000000709800000| PB 0x0000000709800000| Untracked 
|  39|0x0000000709a00000, 0x0000000709a00000, 0x0000000709c00000|  0%| F|  |TAMS 0x0000000709a00000| PB 0x0000000709a00000| Untracked 
|  40|0x0000000709c00000, 0x0000000709c00000, 0x0000000709e00000|  0%| F|  |TAMS 0x0000000709c00000| PB 0x0000000709c00000| Untracked 
|  41|0x0000000709e00000, 0x000000070a000000, 0x000000070a000000|100%| O|  |TAMS 0x0000000709e00000| PB 0x0000000709e00000| Untracked 
|  42|0x000000070a000000, 0x000000070a200000, 0x000000070a200000|100%| O|  |TAMS 0x000000070a000000| PB 0x000000070a000000| Untracked 
|  43|0x000000070a200000, 0x000000070a400000, 0x000000070a400000|100%| O|  |TAMS 0x000000070a200000| PB 0x000000070a200000| Untracked 
|  44|0x000000070a400000, 0x000000070a400000, 0x000000070a600000|  0%| F|  |TAMS 0x000000070a400000| PB 0x000000070a400000| Untracked 
|  45|0x000000070a600000, 0x000000070a600000, 0x000000070a800000|  0%| F|  |TAMS 0x000000070a600000| PB 0x000000070a600000| Untracked 
|  46|0x000000070a800000, 0x000000070aa00000, 0x000000070aa00000|100%| O|  |TAMS 0x000000070a800000| PB 0x000000070a800000| Untracked 
|  47|0x000000070aa00000, 0x000000070ac00000, 0x000000070ac00000|100%| O|  |TAMS 0x000000070aa00000| PB 0x000000070aa00000| Untracked 
|  48|0x000000070ac00000, 0x000000070ae00000, 0x000000070ae00000|100%|HS|  |TAMS 0x000000070ac00000| PB 0x000000070ac00000| Complete 
|  49|0x000000070ae00000, 0x000000070b000000, 0x000000070b000000|100%| O|  |TAMS 0x000000070ae00000| PB 0x000000070ae00000| Untracked 
|  50|0x000000070b000000, 0x000000070b200000, 0x000000070b200000|100%| O|  |TAMS 0x000000070b000000| PB 0x000000070b000000| Untracked 
|  51|0x000000070b200000, 0x000000070b400000, 0x000000070b400000|100%| O|  |TAMS 0x000000070b200000| PB 0x000000070b200000| Untracked 
|  52|0x000000070b400000, 0x000000070b600000, 0x000000070b600000|100%| O|  |TAMS 0x000000070b400000| PB 0x000000070b400000| Untracked 
|  53|0x000000070b600000, 0x000000070b800000, 0x000000070b800000|100%| O|  |TAMS 0x000000070b600000| PB 0x000000070b600000| Untracked 
|  54|0x000000070b800000, 0x000000070ba00000, 0x000000070ba00000|100%| O|  |TAMS 0x000000070b800000| PB 0x000000070b800000| Untracked 
|  55|0x000000070ba00000, 0x000000070bc00000, 0x000000070bc00000|100%| O|  |TAMS 0x000000070ba00000| PB 0x000000070ba00000| Untracked 
|  56|0x000000070bc00000, 0x000000070be00000, 0x000000070be00000|100%| O|  |TAMS 0x000000070bc00000| PB 0x000000070bc00000| Untracked 
|  57|0x000000070be00000, 0x000000070be00000, 0x000000070c000000|  0%| F|  |TAMS 0x000000070be00000| PB 0x000000070be00000| Untracked 
|  58|0x000000070c000000, 0x000000070c000000, 0x000000070c200000|  0%| F|  |TAMS 0x000000070c000000| PB 0x000000070c000000| Untracked 
|  59|0x000000070c200000, 0x000000070c200000, 0x000000070c400000|  0%| F|  |TAMS 0x000000070c200000| PB 0x000000070c200000| Untracked 
|  60|0x000000070c400000, 0x000000070c400000, 0x000000070c600000|  0%| F|  |TAMS 0x000000070c400000| PB 0x000000070c400000| Untracked 
|  61|0x000000070c600000, 0x000000070c600000, 0x000000070c800000|  0%| F|  |TAMS 0x000000070c600000| PB 0x000000070c600000| Untracked 
|  62|0x000000070c800000, 0x000000070ca00000, 0x000000070ca00000|100%| O|  |TAMS 0x000000070c800000| PB 0x000000070c800000| Untracked 
|  63|0x000000070ca00000, 0x000000070ca00000, 0x000000070cc00000|  0%| F|  |TAMS 0x000000070ca00000| PB 0x000000070ca00000| Untracked 
|  64|0x000000070cc00000, 0x000000070cc00000, 0x000000070ce00000|  0%| F|  |TAMS 0x000000070cc00000| PB 0x000000070cc00000| Untracked 
|  65|0x000000070ce00000, 0x000000070ce00000, 0x000000070d000000|  0%| F|  |TAMS 0x000000070ce00000| PB 0x000000070ce00000| Untracked 
|  66|0x000000070d000000, 0x000000070d000000, 0x000000070d200000|  0%| F|  |TAMS 0x000000070d000000| PB 0x000000070d000000| Untracked 
|  67|0x000000070d200000, 0x000000070d200000, 0x000000070d400000|  0%| F|  |TAMS 0x000000070d200000| PB 0x000000070d200000| Untracked 
|  68|0x000000070d400000, 0x000000070d400000, 0x000000070d600000|  0%| F|  |TAMS 0x000000070d400000| PB 0x000000070d400000| Untracked 
|  69|0x000000070d600000, 0x000000070d600000, 0x000000070d800000|  0%| F|  |TAMS 0x000000070d600000| PB 0x000000070d600000| Untracked 
|  70|0x000000070d800000, 0x000000070d800000, 0x000000070da00000|  0%| F|  |TAMS 0x000000070d800000| PB 0x000000070d800000| Untracked 
|  71|0x000000070da00000, 0x000000070da00000, 0x000000070dc00000|  0%| F|  |TAMS 0x000000070da00000| PB 0x000000070da00000| Untracked 
|  72|0x000000070dc00000, 0x000000070dc00000, 0x000000070de00000|  0%| F|  |TAMS 0x000000070dc00000| PB 0x000000070dc00000| Untracked 
|  73|0x000000070de00000, 0x000000070decf6c0, 0x000000070e000000| 40%| O|  |TAMS 0x000000070de00000| PB 0x000000070de00000| Untracked 
|  74|0x000000070e000000, 0x000000070e000000, 0x000000070e200000|  0%| F|  |TAMS 0x000000070e000000| PB 0x000000070e000000| Untracked 
|  75|0x000000070e200000, 0x000000070e200000, 0x000000070e400000|  0%| F|  |TAMS 0x000000070e200000| PB 0x000000070e200000| Untracked 
|  76|0x000000070e400000, 0x000000070e400000, 0x000000070e600000|  0%| F|  |TAMS 0x000000070e400000| PB 0x000000070e400000| Untracked 
|  77|0x000000070e600000, 0x000000070e600000, 0x000000070e800000|  0%| F|  |TAMS 0x000000070e600000| PB 0x000000070e600000| Untracked 
|  78|0x000000070e800000, 0x000000070e9d1100, 0x000000070ea00000| 90%| S|CS|TAMS 0x000000070e800000| PB 0x000000070e800000| Complete 
|  79|0x000000070ea00000, 0x000000070ea00000, 0x000000070ec00000|  0%| F|  |TAMS 0x000000070ea00000| PB 0x000000070ea00000| Untracked 
|  80|0x000000070ec00000, 0x000000070ec00000, 0x000000070ee00000|  0%| F|  |TAMS 0x000000070ec00000| PB 0x000000070ec00000| Untracked 
|  81|0x000000070ee00000, 0x000000070ee00000, 0x000000070f000000|  0%| F|  |TAMS 0x000000070ee00000| PB 0x000000070ee00000| Untracked 
|  82|0x000000070f000000, 0x000000070f000000, 0x000000070f200000|  0%| F|  |TAMS 0x000000070f000000| PB 0x000000070f000000| Untracked 
|  83|0x000000070f200000, 0x000000070f200000, 0x000000070f400000|  0%| F|  |TAMS 0x000000070f200000| PB 0x000000070f200000| Untracked 
|  84|0x000000070f400000, 0x000000070f400000, 0x000000070f600000|  0%| F|  |TAMS 0x000000070f400000| PB 0x000000070f400000| Untracked 
|  85|0x000000070f600000, 0x000000070f600000, 0x000000070f800000|  0%| F|  |TAMS 0x000000070f600000| PB 0x000000070f600000| Untracked 
|  86|0x000000070f800000, 0x000000070f800000, 0x000000070fa00000|  0%| F|  |TAMS 0x000000070f800000| PB 0x000000070f800000| Untracked 
|  87|0x000000070fa00000, 0x000000070fa00000, 0x000000070fc00000|  0%| F|  |TAMS 0x000000070fa00000| PB 0x000000070fa00000| Untracked 
|  88|0x000000070fc00000, 0x000000070fc00000, 0x000000070fe00000|  0%| F|  |TAMS 0x000000070fc00000| PB 0x000000070fc00000| Untracked 
|  89|0x000000070fe00000, 0x000000070fe00000, 0x0000000710000000|  0%| F|  |TAMS 0x000000070fe00000| PB 0x000000070fe00000| Untracked 
|  90|0x0000000710000000, 0x0000000710000000, 0x0000000710200000|  0%| F|  |TAMS 0x0000000710000000| PB 0x0000000710000000| Untracked 
|  91|0x0000000710200000, 0x0000000710200000, 0x0000000710400000|  0%| F|  |TAMS 0x0000000710200000| PB 0x0000000710200000| Untracked 
|  92|0x0000000710400000, 0x0000000710400000, 0x0000000710600000|  0%| F|  |TAMS 0x0000000710400000| PB 0x0000000710400000| Untracked 
|  93|0x0000000710600000, 0x0000000710600000, 0x0000000710800000|  0%| F|  |TAMS 0x0000000710600000| PB 0x0000000710600000| Untracked 
|  94|0x0000000710800000, 0x0000000710800000, 0x0000000710a00000|  0%| F|  |TAMS 0x0000000710800000| PB 0x0000000710800000| Untracked 
|  95|0x0000000710a00000, 0x0000000710a00000, 0x0000000710c00000|  0%| F|  |TAMS 0x0000000710a00000| PB 0x0000000710a00000| Untracked 
|  96|0x0000000710c00000, 0x0000000710c00000, 0x0000000710e00000|  0%| F|  |TAMS 0x0000000710c00000| PB 0x0000000710c00000| Untracked 
|  97|0x0000000710e00000, 0x0000000710e00000, 0x0000000711000000|  0%| F|  |TAMS 0x0000000710e00000| PB 0x0000000710e00000| Untracked 
|  98|0x0000000711000000, 0x0000000711000000, 0x0000000711200000|  0%| F|  |TAMS 0x0000000711000000| PB 0x0000000711000000| Untracked 
|  99|0x0000000711200000, 0x0000000711200000, 0x0000000711400000|  0%| F|  |TAMS 0x0000000711200000| PB 0x0000000711200000| Untracked 
| 100|0x0000000711400000, 0x0000000711400000, 0x0000000711600000|  0%| F|  |TAMS 0x0000000711400000| PB 0x0000000711400000| Untracked 
| 101|0x0000000711600000, 0x0000000711600000, 0x0000000711800000|  0%| F|  |TAMS 0x0000000711600000| PB 0x0000000711600000| Untracked 
| 102|0x0000000711800000, 0x0000000711800000, 0x0000000711a00000|  0%| F|  |TAMS 0x0000000711800000| PB 0x0000000711800000| Untracked 
| 103|0x0000000711a00000, 0x0000000711a00000, 0x0000000711c00000|  0%| F|  |TAMS 0x0000000711a00000| PB 0x0000000711a00000| Untracked 
| 104|0x0000000711c00000, 0x0000000711c00000, 0x0000000711e00000|  0%| F|  |TAMS 0x0000000711c00000| PB 0x0000000711c00000| Untracked 
| 105|0x0000000711e00000, 0x0000000711e00000, 0x0000000712000000|  0%| F|  |TAMS 0x0000000711e00000| PB 0x0000000711e00000| Untracked 
| 106|0x0000000712000000, 0x0000000712000000, 0x0000000712200000|  0%| F|  |TAMS 0x0000000712000000| PB 0x0000000712000000| Untracked 
| 107|0x0000000712200000, 0x0000000712200000, 0x0000000712400000|  0%| F|  |TAMS 0x0000000712200000| PB 0x0000000712200000| Untracked 
| 108|0x0000000712400000, 0x0000000712400000, 0x0000000712600000|  0%| F|  |TAMS 0x0000000712400000| PB 0x0000000712400000| Untracked 
| 109|0x0000000712600000, 0x0000000712600000, 0x0000000712800000|  0%| F|  |TAMS 0x0000000712600000| PB 0x0000000712600000| Untracked 
| 110|0x0000000712800000, 0x0000000712800000, 0x0000000712a00000|  0%| F|  |TAMS 0x0000000712800000| PB 0x0000000712800000| Untracked 
| 111|0x0000000712a00000, 0x0000000712a00000, 0x0000000712c00000|  0%| F|  |TAMS 0x0000000712a00000| PB 0x0000000712a00000| Untracked 
| 112|0x0000000712c00000, 0x0000000712c00000, 0x0000000712e00000|  0%| F|  |TAMS 0x0000000712c00000| PB 0x0000000712c00000| Untracked 
| 113|0x0000000712e00000, 0x0000000712e00000, 0x0000000713000000|  0%| F|  |TAMS 0x0000000712e00000| PB 0x0000000712e00000| Untracked 
| 114|0x0000000713000000, 0x0000000713000000, 0x0000000713200000|  0%| F|  |TAMS 0x0000000713000000| PB 0x0000000713000000| Untracked 
| 115|0x0000000713200000, 0x0000000713200000, 0x0000000713400000|  0%| F|  |TAMS 0x0000000713200000| PB 0x0000000713200000| Untracked 
| 116|0x0000000713400000, 0x0000000713400000, 0x0000000713600000|  0%| F|  |TAMS 0x0000000713400000| PB 0x0000000713400000| Untracked 
| 117|0x0000000713600000, 0x0000000713600000, 0x0000000713800000|  0%| F|  |TAMS 0x0000000713600000| PB 0x0000000713600000| Untracked 
| 118|0x0000000713800000, 0x0000000713800000, 0x0000000713a00000|  0%| F|  |TAMS 0x0000000713800000| PB 0x0000000713800000| Untracked 
| 119|0x0000000713a00000, 0x0000000713a00000, 0x0000000713c00000|  0%| F|  |TAMS 0x0000000713a00000| PB 0x0000000713a00000| Untracked 
| 120|0x0000000713c00000, 0x0000000713c00000, 0x0000000713e00000|  0%| F|  |TAMS 0x0000000713c00000| PB 0x0000000713c00000| Untracked 
| 121|0x0000000713e00000, 0x0000000713e00000, 0x0000000714000000|  0%| F|  |TAMS 0x0000000713e00000| PB 0x0000000713e00000| Untracked 
| 122|0x0000000714000000, 0x0000000714000000, 0x0000000714200000|  0%| F|  |TAMS 0x0000000714000000| PB 0x0000000714000000| Untracked 
| 123|0x0000000714200000, 0x0000000714200000, 0x0000000714400000|  0%| F|  |TAMS 0x0000000714200000| PB 0x0000000714200000| Untracked 
| 124|0x0000000714400000, 0x0000000714400000, 0x0000000714600000|  0%| F|  |TAMS 0x0000000714400000| PB 0x0000000714400000| Untracked 
| 125|0x0000000714600000, 0x0000000714600000, 0x0000000714800000|  0%| F|  |TAMS 0x0000000714600000| PB 0x0000000714600000| Untracked 
| 126|0x0000000714800000, 0x0000000714800000, 0x0000000714a00000|  0%| F|  |TAMS 0x0000000714800000| PB 0x0000000714800000| Untracked 
| 127|0x0000000714a00000, 0x0000000714a00000, 0x0000000714c00000|  0%| F|  |TAMS 0x0000000714a00000| PB 0x0000000714a00000| Untracked 
| 128|0x0000000714c00000, 0x0000000714c00000, 0x0000000714e00000|  0%| F|  |TAMS 0x0000000714c00000| PB 0x0000000714c00000| Untracked 
| 129|0x0000000714e00000, 0x0000000714e00000, 0x0000000715000000|  0%| F|  |TAMS 0x0000000714e00000| PB 0x0000000714e00000| Untracked 
| 130|0x0000000715000000, 0x0000000715000000, 0x0000000715200000|  0%| F|  |TAMS 0x0000000715000000| PB 0x0000000715000000| Untracked 
| 131|0x0000000715200000, 0x0000000715200000, 0x0000000715400000|  0%| F|  |TAMS 0x0000000715200000| PB 0x0000000715200000| Untracked 
| 132|0x0000000715400000, 0x0000000715400000, 0x0000000715600000|  0%| F|  |TAMS 0x0000000715400000| PB 0x0000000715400000| Untracked 
| 133|0x0000000715600000, 0x0000000715600000, 0x0000000715800000|  0%| F|  |TAMS 0x0000000715600000| PB 0x0000000715600000| Untracked 
| 134|0x0000000715800000, 0x0000000715800000, 0x0000000715a00000|  0%| F|  |TAMS 0x0000000715800000| PB 0x0000000715800000| Untracked 
| 135|0x0000000715a00000, 0x0000000715a00000, 0x0000000715c00000|  0%| F|  |TAMS 0x0000000715a00000| PB 0x0000000715a00000| Untracked 
| 136|0x0000000715c00000, 0x0000000715d4d850, 0x0000000715e00000| 65%| E|  |TAMS 0x0000000715c00000| PB 0x0000000715c00000| Complete 
| 137|0x0000000715e00000, 0x0000000716000000, 0x0000000716000000|100%| E|CS|TAMS 0x0000000715e00000| PB 0x0000000715e00000| Complete 
| 138|0x0000000716000000, 0x0000000716200000, 0x0000000716200000|100%| E|CS|TAMS 0x0000000716000000| PB 0x0000000716000000| Complete 
| 139|0x0000000716200000, 0x0000000716400000, 0x0000000716400000|100%| E|CS|TAMS 0x0000000716200000| PB 0x0000000716200000| Complete 
| 140|0x0000000716400000, 0x0000000716600000, 0x0000000716600000|100%| E|CS|TAMS 0x0000000716400000| PB 0x0000000716400000| Complete 
| 141|0x0000000716600000, 0x0000000716800000, 0x0000000716800000|100%| E|CS|TAMS 0x0000000716600000| PB 0x0000000716600000| Complete 
| 142|0x0000000716800000, 0x0000000716a00000, 0x0000000716a00000|100%| E|CS|TAMS 0x0000000716800000| PB 0x0000000716800000| Complete 
| 143|0x0000000716a00000, 0x0000000716c00000, 0x0000000716c00000|100%| E|CS|TAMS 0x0000000716a00000| PB 0x0000000716a00000| Complete 
| 144|0x0000000716c00000, 0x0000000716e00000, 0x0000000716e00000|100%| E|CS|TAMS 0x0000000716c00000| PB 0x0000000716c00000| Complete 
| 145|0x0000000716e00000, 0x0000000717000000, 0x0000000717000000|100%| E|CS|TAMS 0x0000000716e00000| PB 0x0000000716e00000| Complete 
| 146|0x0000000717000000, 0x0000000717200000, 0x0000000717200000|100%| E|CS|TAMS 0x0000000717000000| PB 0x0000000717000000| Complete 
| 147|0x0000000717200000, 0x0000000717400000, 0x0000000717400000|100%| E|CS|TAMS 0x0000000717200000| PB 0x0000000717200000| Complete 
|2004|0x00000007ff400000, 0x00000007ff600000, 0x00000007ff600000|100%| O|  |TAMS 0x00000007ff400000| PB 0x00000007ff400000| Untracked 
|2005|0x00000007ff600000, 0x00000007ff800000, 0x00000007ff800000|100%| O|  |TAMS 0x00000007ff600000| PB 0x00000007ff600000| Untracked 
|2006|0x00000007ff800000, 0x00000007ffa00000, 0x00000007ffa00000|100%| E|CS|TAMS 0x00000007ff800000| PB 0x00000007ff800000| Complete 
|2007|0x00000007ffa00000, 0x00000007ffc00000, 0x00000007ffc00000|100%| O|  |TAMS 0x00000007ffa00000| PB 0x00000007ffa00000| Untracked 
|2008|0x00000007ffc00000, 0x00000007ffe00000, 0x00000007ffe00000|100%| O|  |TAMS 0x00000007ffc00000| PB 0x00000007ffc00000| Untracked 
|2009|0x00000007ffe00000, 0x0000000800000000, 0x0000000800000000|100%| O|  |TAMS 0x00000007ffe00000| PB 0x00000007ffe00000| Untracked 

Card table byte_map: [0x000002aea6120000,0x000002aea6900000] _byte_map_base: 0x000002aea28fa000

Marking Bits: (CMBitMap*) 0x000002ae90ede240
 Bits: [0x000002aea6900000, 0x000002aeaa7d0000)

Polling page: 0x000002ae90f40000

Metaspace:

Usage:
  Non-class:     82.68 MB used.
      Class:      9.41 MB used.
       Both:     92.09 MB used.

Virtual space:
  Non-class space:      128.00 MB reserved,      83.62 MB ( 65%) committed,  2 nodes.
      Class space:        1.00 GB reserved,      10.25 MB (  1%) committed,  1 nodes.
             Both:        1.12 GB reserved,      93.88 MB (  8%) committed. 

Chunk freelists:
   Non-Class:  11.56 MB
       Class:  5.63 MB
        Both:  17.19 MB

MaxMetaspaceSize: unlimited
CompressedClassSpaceSize: 1.00 GB
Initial GC threshold: 21.00 MB
Current GC threshold: 155.94 MB
CDS: on
 - commit_granule_bytes: 65536.
 - commit_granule_words: 8192.
 - virtual_space_node_default_size: 8388608.
 - enlarge_chunks_in_place: 1.
 - use_allocation_guard: 0.


Internal statistics:

num_allocs_failed_limit: 6.
num_arena_births: 1940.
num_arena_deaths: 84.
num_vsnodes_births: 3.
num_vsnodes_deaths: 0.
num_space_committed: 1502.
num_space_uncommitted: 0.
num_chunks_returned_to_freelist: 116.
num_chunks_taken_from_freelist: 6852.
num_chunk_merges: 29.
num_chunk_splits: 3965.
num_chunks_enlarged: 1949.
num_inconsistent_stats: 0.

CodeHeap 'non-profiled nmethods': size=119168Kb used=14737Kb max_used=16842Kb free=104430Kb
 bounds [0x000002ae9d530000, 0x000002ae9e5b0000, 0x000002aea4990000]
CodeHeap 'profiled nmethods': size=119104Kb used=31612Kb max_used=45748Kb free=87492Kb
 bounds [0x000002ae95990000, 0x000002ae98640000, 0x000002ae9cde0000]
CodeHeap 'non-nmethods': size=7488Kb used=1727Kb max_used=3473Kb free=5760Kb
 bounds [0x000002ae9cde0000, 0x000002ae9d170000, 0x000002ae9d530000]
CodeCache: size=245760Kb, used=48076Kb, max_used=66063Kb, free=197682Kb
 total_blobs=13292, nmethods=12440, adapters=751, full_count=0
Compilation: enabled, stopped_count=0, restarted_count=0

Compilation events (20 events):
Event: 429.171 Thread 0x000002aead878090 25047       3       org.eclipse.jdt.internal.compiler.flow.InitializationFlowContext::checkInitializerExceptions (45 bytes)
Event: 429.171 Thread 0x000002aead878090 nmethod 25047 0x000002ae96ce6a10 code [0x000002ae96ce6be0, 0x000002ae96ce6f38]
Event: 429.171 Thread 0x000002aead878090 25048   !   3       org.eclipse.jdt.internal.compiler.ast.ConstructorDeclaration::generateCode (294 bytes)
Event: 429.171 Thread 0x000002aead878090 nmethod 25048 0x000002ae95b9cc10 code [0x000002ae95b9cee0, 0x000002ae95b9dce8]
Event: 429.171 Thread 0x000002aead878090 25050       3       org.eclipse.jdt.internal.compiler.ast.ConstructorDeclaration::generateSyntheticFieldInitializationsIfNecessary (161 bytes)
Event: 429.172 Thread 0x000002aead878090 nmethod 25050 0x000002ae9663d210 code [0x000002ae9663d4c0, 0x000002ae9663e540]
Event: 429.172 Thread 0x000002aead878090 25051       3       java.lang.invoke.DelegatingMethodHandle$Holder::reinvoke_L (20 bytes)
Event: 429.172 Thread 0x000002aead878090 nmethod 25051 0x000002ae97004d90 code [0x000002ae97004f60, 0x000002ae970052f8]
Event: 429.359 Thread 0x000002aead85e450 25052       4       java.lang.invoke.LambdaForm$MH/0x000002aeaf87ac00::invoke (42 bytes)
Event: 429.360 Thread 0x000002aead85e450 nmethod 25052 0x000002ae9e4bca10 code [0x000002ae9e4bcba0, 0x000002ae9e4bcc48]
Event: 429.360 Thread 0x000002aead85e450 25053       4       java.lang.invoke.LambdaForm$MH/0x000002aeaf87b000::invoke (42 bytes)
Event: 429.360 Thread 0x000002aead85e450 nmethod 25053 0x000002ae9da0c910 code [0x000002ae9da0caa0, 0x000002ae9da0cb48]
Event: 429.506 Thread 0x000002aead85e450 25054       4       org.eclipse.jdt.internal.compiler.parser.Parser::consumeArgumentList (5 bytes)
Event: 429.506 Thread 0x000002aead85e450 nmethod 25054 0x000002ae9dad5410 code [0x000002ae9dad55a0, 0x000002ae9dad5680]
Event: 464.105 Thread 0x000002aead878090 25055       3       java.util.concurrent.ThreadPoolExecutor$Worker::lock (6 bytes)
Event: 464.106 Thread 0x000002aead878090 nmethod 25055 0x000002ae96154810 code [0x000002ae961549c0, 0x000002ae96154b00]
Event: 534.165 Thread 0x000002aead878090 25056       3       java.util.concurrent.ThreadPoolExecutor::beforeExecute (1 bytes)
Event: 534.165 Thread 0x000002aead878090 nmethod 25056 0x000002ae9642b490 code [0x000002ae9642b620, 0x000002ae9642b728]
Event: 554.178 Thread 0x000002aead878090 25057       3       java.util.concurrent.ThreadPoolExecutor::isShutdown (12 bytes)
Event: 554.179 Thread 0x000002aead878090 nmethod 25057 0x000002ae97205110 code [0x000002ae972052c0, 0x000002ae972054a0]

GC Heap History (20 events):
Event: 311.548 GC heap before
{Heap before GC invocations=63 (full 0):
 garbage-first heap   total 327680K, used 286771K [0x0000000704c00000, 0x0000000800000000)
  region size 2048K, 96 young (196608K), 2 survivors (4096K)
 Metaspace       used 93170K, committed 95104K, reserved 1179648K
  class space    used 9600K, committed 10496K, reserved 1048576K
}
Event: 311.551 GC heap after
{Heap after GC invocations=64 (full 0):
 garbage-first heap   total 327680K, used 97027K [0x0000000704c00000, 0x0000000800000000)
  region size 2048K, 5 young (10240K), 5 survivors (10240K)
 Metaspace       used 93170K, committed 95104K, reserved 1179648K
  class space    used 9600K, committed 10496K, reserved 1048576K
}
Event: 316.035 GC heap before
{Heap before GC invocations=64 (full 0):
 garbage-first heap   total 327680K, used 281347K [0x0000000704c00000, 0x0000000800000000)
  region size 2048K, 96 young (196608K), 5 survivors (10240K)
 Metaspace       used 93494K, committed 95424K, reserved 1179648K
  class space    used 9602K, committed 10496K, reserved 1048576K
}
Event: 316.037 GC heap after
{Heap after GC invocations=65 (full 0):
 garbage-first heap   total 327680K, used 90626K [0x0000000704c00000, 0x0000000800000000)
  region size 2048K, 2 young (4096K), 2 survivors (4096K)
 Metaspace       used 93494K, committed 95424K, reserved 1179648K
  class space    used 9602K, committed 10496K, reserved 1048576K
}
Event: 320.201 GC heap before
{Heap before GC invocations=66 (full 0):
 garbage-first heap   total 315392K, used 272898K [0x0000000704c00000, 0x0000000800000000)
  region size 2048K, 92 young (188416K), 2 survivors (4096K)
 Metaspace       used 93591K, committed 95552K, reserved 1179648K
  class space    used 9602K, committed 10496K, reserved 1048576K
}
Event: 320.206 GC heap after
{Heap after GC invocations=67 (full 0):
 garbage-first heap   total 315392K, used 94629K [0x0000000704c00000, 0x0000000800000000)
  region size 2048K, 4 young (8192K), 4 survivors (8192K)
 Metaspace       used 93591K, committed 95552K, reserved 1179648K
  class space    used 9602K, committed 10496K, reserved 1048576K
}
Event: 325.774 GC heap before
{Heap before GC invocations=67 (full 0):
 garbage-first heap   total 315392K, used 276901K [0x0000000704c00000, 0x0000000800000000)
  region size 2048K, 92 young (188416K), 4 survivors (8192K)
 Metaspace       used 93695K, committed 95616K, reserved 1179648K
  class space    used 9605K, committed 10496K, reserved 1048576K
}
Event: 325.783 GC heap after
{Heap after GC invocations=68 (full 0):
 garbage-first heap   total 315392K, used 112468K [0x0000000704c00000, 0x0000000800000000)
  region size 2048K, 11 young (22528K), 11 survivors (22528K)
 Metaspace       used 93695K, committed 95616K, reserved 1179648K
  class space    used 9605K, committed 10496K, reserved 1048576K
}
Event: 337.754 GC heap before
{Heap before GC invocations=68 (full 0):
 garbage-first heap   total 315392K, used 276308K [0x0000000704c00000, 0x0000000800000000)
  region size 2048K, 92 young (188416K), 11 survivors (22528K)
 Metaspace       used 93723K, committed 95616K, reserved 1179648K
  class space    used 9605K, committed 10496K, reserved 1048576K
}
Event: 337.758 GC heap after
{Heap after GC invocations=69 (full 0):
 garbage-first heap   total 315392K, used 109744K [0x0000000704c00000, 0x0000000800000000)
  region size 2048K, 2 young (4096K), 2 survivors (4096K)
 Metaspace       used 93723K, committed 95616K, reserved 1179648K
  class space    used 9605K, committed 10496K, reserved 1048576K
}
Event: 341.231 GC heap before
{Heap before GC invocations=70 (full 0):
 garbage-first heap   total 315392K, used 283824K [0x0000000704c00000, 0x0000000800000000)
  region size 2048K, 88 young (180224K), 2 survivors (4096K)
 Metaspace       used 93799K, committed 95744K, reserved 1179648K
  class space    used 9605K, committed 10496K, reserved 1048576K
}
Event: 341.234 GC heap after
{Heap after GC invocations=71 (full 0):
 garbage-first heap   total 315392K, used 121133K [0x0000000704c00000, 0x0000000800000000)
  region size 2048K, 8 young (16384K), 8 survivors (16384K)
 Metaspace       used 93799K, committed 95744K, reserved 1179648K
  class space    used 9605K, committed 10496K, reserved 1048576K
}
Event: 350.444 GC heap before
{Heap before GC invocations=71 (full 0):
 garbage-first heap   total 315392K, used 274733K [0x0000000704c00000, 0x0000000800000000)
  region size 2048K, 84 young (172032K), 8 survivors (16384K)
 Metaspace       used 93824K, committed 95744K, reserved 1179648K
  class space    used 9605K, committed 10496K, reserved 1048576K
}
Event: 350.448 GC heap after
{Heap after GC invocations=72 (full 0):
 garbage-first heap   total 315392K, used 121108K [0x0000000704c00000, 0x0000000800000000)
  region size 2048K, 2 young (4096K), 2 survivors (4096K)
 Metaspace       used 93824K, committed 95744K, reserved 1179648K
  class space    used 9605K, committed 10496K, reserved 1048576K
}
Event: 351.987 GC heap before
{Heap before GC invocations=72 (full 0):
 garbage-first heap   total 315392K, used 254228K [0x0000000704c00000, 0x0000000800000000)
  region size 2048K, 69 young (141312K), 2 survivors (4096K)
 Metaspace       used 93852K, committed 95808K, reserved 1179648K
  class space    used 9605K, committed 10496K, reserved 1048576K
}
Event: 351.996 GC heap after
{Heap after GC invocations=73 (full 0):
 garbage-first heap   total 315392K, used 142838K [0x0000000704c00000, 0x0000000800000000)
  region size 2048K, 11 young (22528K), 11 survivors (22528K)
 Metaspace       used 93852K, committed 95808K, reserved 1179648K
  class space    used 9605K, committed 10496K, reserved 1048576K
}
Event: 406.256 GC heap before
{Heap before GC invocations=74 (full 0):
 garbage-first heap   total 315392K, used 263670K [0x0000000704c00000, 0x0000000800000000)
  region size 2048K, 73 young (149504K), 11 survivors (22528K)
 Metaspace       used 94177K, committed 96000K, reserved 1179648K
  class space    used 9634K, committed 10496K, reserved 1048576K
}
Event: 406.261 GC heap after
{Heap after GC invocations=75 (full 0):
 garbage-first heap   total 315392K, used 133170K [0x0000000704c00000, 0x0000000800000000)
  region size 2048K, 2 young (4096K), 2 survivors (4096K)
 Metaspace       used 94177K, committed 96000K, reserved 1179648K
  class space    used 9634K, committed 10496K, reserved 1048576K
}
Event: 413.317 GC heap before
{Heap before GC invocations=75 (full 0):
 garbage-first heap   total 315392K, used 301106K [0x0000000704c00000, 0x0000000800000000)
  region size 2048K, 70 young (143360K), 2 survivors (4096K)
 Metaspace       used 94262K, committed 96128K, reserved 1179648K
  class space    used 9634K, committed 10496K, reserved 1048576K
}
Event: 413.322 GC heap after
{Heap after GC invocations=76 (full 0):
 garbage-first heap   total 315392K, used 118946K [0x0000000704c00000, 0x0000000800000000)
  region size 2048K, 1 young (2048K), 1 survivors (2048K)
 Metaspace       used 94262K, committed 96128K, reserved 1179648K
  class space    used 9634K, committed 10496K, reserved 1048576K
}

Dll operation events (12 events):
Event: 0.015 Loaded shared library c:\Users\ASUS\.vscode\extensions\redhat.java-1.55.0-win32-x64\jre\21.0.11-win32-x86_64\bin\java.dll
Event: 0.098 Loaded shared library c:\Users\ASUS\.vscode\extensions\redhat.java-1.55.0-win32-x64\jre\21.0.11-win32-x86_64\bin\zip.dll
Event: 0.131 Loaded shared library C:\Users\ASUS\.vscode\extensions\redhat.java-1.55.0-win32-x64\jre\21.0.11-win32-x86_64\bin\instrument.dll
Event: 0.138 Loaded shared library C:\Users\ASUS\.vscode\extensions\redhat.java-1.55.0-win32-x64\jre\21.0.11-win32-x86_64\bin\net.dll
Event: 0.143 Loaded shared library C:\Users\ASUS\.vscode\extensions\redhat.java-1.55.0-win32-x64\jre\21.0.11-win32-x86_64\bin\nio.dll
Event: 0.150 Loaded shared library C:\Users\ASUS\.vscode\extensions\redhat.java-1.55.0-win32-x64\jre\21.0.11-win32-x86_64\bin\zip.dll
Event: 0.171 Loaded shared library C:\Users\ASUS\.vscode\extensions\redhat.java-1.55.0-win32-x64\jre\21.0.11-win32-x86_64\bin\jimage.dll
Event: 0.289 Loaded shared library c:\Users\ASUS\.vscode\extensions\redhat.java-1.55.0-win32-x64\jre\21.0.11-win32-x86_64\bin\verify.dll
Event: 6.420 Loaded shared library C:\Users\ASUS\AppData\Roaming\Code\User\globalStorage\redhat.java\1.55.0\config_win\org.eclipse.equinox.launcher\org.eclipse.equinox.launcher.win32.win32.x86_64_1.3.100.v20260613-0559\eclipse_11924.dll
Event: 22.112 Loaded shared library C:\Users\ASUS\AppData\Local\Temp\jna-2018896\jna8261115033183592330.dll
Event: 208.006 Loaded shared library C:\Users\ASUS\.vscode\extensions\redhat.java-1.55.0-win32-x64\jre\21.0.11-win32-x86_64\bin\sunmscapi.dll
Event: 208.283 Loaded shared library C:\Users\ASUS\.vscode\extensions\redhat.java-1.55.0-win32-x64\jre\21.0.11-win32-x86_64\bin\extnet.dll

Deoptimization events (20 events):
Event: 381.177 Thread 0x000002aef8956be0 Uncommon trap: trap_request=0xffffffde fr.pc=0x000002ae9e0a21a4 relative=0x00000000000005c4
Event: 381.177 Thread 0x000002aef8956be0 Uncommon trap: reason=class_check action=maybe_recompile pc=0x000002ae9e0a21a4 method=java.io.InputStream.read([BII)I @ 15 c2
Event: 381.177 Thread 0x000002aef8956be0 DEOPT PACKING pc=0x000002ae9e0a21a4 sp=0x000000f2b5cfed70
Event: 381.177 Thread 0x000002aef8956be0 DEOPT UNPACKING pc=0x000002ae9ce34422 sp=0x000000f2b5cfed08 mode 2
Event: 381.178 Thread 0x000002aef8956be0 Uncommon trap: trap_request=0xffffffde fr.pc=0x000002ae9e0a21a4 relative=0x00000000000005c4
Event: 381.178 Thread 0x000002aef8956be0 Uncommon trap: reason=class_check action=maybe_recompile pc=0x000002ae9e0a21a4 method=java.io.InputStream.read([BII)I @ 15 c2
Event: 381.179 Thread 0x000002aef8956be0 DEOPT PACKING pc=0x000002ae9e0a21a4 sp=0x000000f2b5cfed70
Event: 381.179 Thread 0x000002aef8956be0 DEOPT UNPACKING pc=0x000002ae9ce34422 sp=0x000000f2b5cfed08 mode 2
Event: 409.153 Thread 0x000002aef5aaa280 Uncommon trap: trap_request=0xffffff45 fr.pc=0x000002ae9dc1c674 relative=0x0000000000001ff4
Event: 409.153 Thread 0x000002aef5aaa280 Uncommon trap: reason=unstable_if action=reinterpret pc=0x000002ae9dc1c674 method=org.eclipse.jdt.internal.core.JavaModelManager.getArchiveValidity(Lorg/eclipse/core/runtime/IPath;)Lorg/eclipse/jdt/internal/core/JavaModelManager$ArchiveValidity; @ 63 c2
Event: 409.153 Thread 0x000002aef5aaa280 DEOPT PACKING pc=0x000002ae9dc1c674 sp=0x000000f2b8bfd6a0
Event: 409.153 Thread 0x000002aef5aaa280 DEOPT UNPACKING pc=0x000002ae9ce34422 sp=0x000000f2b8bfd580 mode 2
Event: 409.161 Thread 0x000002aef5aaa280 Uncommon trap: trap_request=0xffffff45 fr.pc=0x000002ae9e588fd0 relative=0x00000000000062d0
Event: 409.161 Thread 0x000002aef5aaa280 Uncommon trap: reason=unstable_if action=reinterpret pc=0x000002ae9e588fd0 method=org.eclipse.jdt.internal.compiler.lookup.TypeSystem.getParameterizedType(Lorg/eclipse/jdt/internal/compiler/lookup/ReferenceBinding;[Lorg/eclipse/jdt/internal/compiler/looku
Event: 409.161 Thread 0x000002aef5aaa280 DEOPT PACKING pc=0x000002ae9e588fd0 sp=0x000000f2b8bfd610
Event: 409.161 Thread 0x000002aef5aaa280 DEOPT UNPACKING pc=0x000002ae9ce34422 sp=0x000000f2b8bfd4d0 mode 2
Event: 422.638 Thread 0x000002aef5aaa280 Uncommon trap: trap_request=0xffffff45 fr.pc=0x000002ae9d6863e0 relative=0x0000000000000120
Event: 422.638 Thread 0x000002aef5aaa280 Uncommon trap: reason=unstable_if action=reinterpret pc=0x000002ae9d6863e0 method=org.eclipse.jdt.ls.core.internal.text.correction.QuickAssistProcessor$1.visitNode(Lorg/eclipse/jdt/core/dom/ASTNode;)Z @ 46 c2
Event: 422.638 Thread 0x000002aef5aaa280 DEOPT PACKING pc=0x000002ae9d6863e0 sp=0x000000f2b8bfe7a0
Event: 422.638 Thread 0x000002aef5aaa280 DEOPT UNPACKING pc=0x000002ae9ce34422 sp=0x000000f2b8bfe718 mode 2

Classes loaded (20 events):
Event: 381.081 Loading class java/util/stream/Nodes$CollectorTask$OfRef
Event: 381.082 Loading class java/util/stream/Nodes$CollectorTask
Event: 381.085 Loading class java/util/stream/Nodes$CollectorTask done
Event: 381.085 Loading class java/util/stream/Nodes$CollectorTask$OfRef done
Event: 381.089 Loading class java/util/function/LongFunction
Event: 381.090 Loading class java/util/function/LongFunction done
Event: 381.090 Loading class java/util/stream/Nodes$ConcNode
Event: 381.090 Loading class java/util/stream/Nodes$AbstractConcNode
Event: 381.091 Loading class java/util/stream/Nodes$AbstractConcNode done
Event: 381.091 Loading class java/util/stream/Nodes$ConcNode done
Event: 381.117 Loading class java/util/stream/Nodes$ToArrayTask$OfRef
Event: 381.117 Loading class java/util/stream/Nodes$ToArrayTask
Event: 381.118 Loading class java/util/stream/Nodes$ToArrayTask done
Event: 381.118 Loading class java/util/stream/Nodes$ToArrayTask$OfRef done
Event: 381.124 Loading class java/io/ObjectOutputStream$BlockDataOutputStream
Event: 381.124 Loading class java/io/ObjectOutputStream$BlockDataOutputStream done
Event: 381.125 Loading class java/io/ObjectOutputStream$HandleTable
Event: 381.125 Loading class java/io/ObjectOutputStream$HandleTable done
Event: 381.125 Loading class java/io/ObjectOutputStream$ReplaceTable
Event: 381.125 Loading class java/io/ObjectOutputStream$ReplaceTable done

Classes unloaded (20 events):
Event: 73.482 Thread 0x000002aead82c660 Unloading class 0x000002aeaf72a800 'java/lang/invoke/LambdaForm$MH+0x000002aeaf72a800'
Event: 73.482 Thread 0x000002aead82c660 Unloading class 0x000002aeaf72a000 'java/lang/invoke/LambdaForm$MH+0x000002aeaf72a000'
Event: 73.482 Thread 0x000002aead82c660 Unloading class 0x000002aeaf729c00 'java/lang/invoke/LambdaForm$MH+0x000002aeaf729c00'
Event: 73.482 Thread 0x000002aead82c660 Unloading class 0x000002aeaf722800 'java/lang/invoke/LambdaForm$MH+0x000002aeaf722800'
Event: 73.482 Thread 0x000002aead82c660 Unloading class 0x000002aeaf722400 'java/lang/invoke/LambdaForm$MH+0x000002aeaf722400'
Event: 73.482 Thread 0x000002aead82c660 Unloading class 0x000002aeaf721c00 'java/lang/invoke/LambdaForm$MH+0x000002aeaf721c00'
Event: 73.482 Thread 0x000002aead82c660 Unloading class 0x000002aeaf721800 'java/lang/invoke/LambdaForm$MH+0x000002aeaf721800'
Event: 73.482 Thread 0x000002aead82c660 Unloading class 0x000002aeaf721000 'java/lang/invoke/LambdaForm$MH+0x000002aeaf721000'
Event: 73.482 Thread 0x000002aead82c660 Unloading class 0x000002aeaf720c00 'java/lang/invoke/LambdaForm$MH+0x000002aeaf720c00'
Event: 73.482 Thread 0x000002aead82c660 Unloading class 0x000002aeaf720400 'java/lang/invoke/LambdaForm$MH+0x000002aeaf720400'
Event: 73.482 Thread 0x000002aead82c660 Unloading class 0x000002aeaf720000 'java/lang/invoke/LambdaForm$MH+0x000002aeaf720000'
Event: 73.482 Thread 0x000002aead82c660 Unloading class 0x000002aeaf719800 'java/lang/invoke/LambdaForm$MH+0x000002aeaf719800'
Event: 73.482 Thread 0x000002aead82c660 Unloading class 0x000002aeaf719400 'java/lang/invoke/LambdaForm$MH+0x000002aeaf719400'
Event: 73.482 Thread 0x000002aead82c660 Unloading class 0x000002aeaf719000 'java/lang/invoke/LambdaForm$MH+0x000002aeaf719000'
Event: 73.482 Thread 0x000002aead82c660 Unloading class 0x000002aeaf718800 'java/lang/invoke/LambdaForm$MH+0x000002aeaf718800'
Event: 73.482 Thread 0x000002aead82c660 Unloading class 0x000002aeaf718400 'java/lang/invoke/LambdaForm$MH+0x000002aeaf718400'
Event: 73.482 Thread 0x000002aead82c660 Unloading class 0x000002aeaf718000 'java/lang/invoke/LambdaForm$MH+0x000002aeaf718000'
Event: 73.482 Thread 0x000002aead82c660 Unloading class 0x000002aeaf70cc00 'java/lang/invoke/LambdaForm$DMH+0x000002aeaf70cc00'
Event: 73.482 Thread 0x000002aead82c660 Unloading class 0x000002aeaf70c800 'java/lang/invoke/LambdaForm$DMH+0x000002aeaf70c800'
Event: 73.482 Thread 0x000002aead82c660 Unloading class 0x000002aeaf70c400 'java/lang/invoke/LambdaForm$DMH+0x000002aeaf70c400'

Classes redefined (0 events):
No events

Internal exceptions (20 events):
Event: 351.246 Thread 0x000002aef5aa4010 Exception <a 'java/lang/ArrayIndexOutOfBoundsException'{0x0000000713e35cd8}> (0x0000000713e35cd8) 
thrown [s\src\hotspot\share\runtime\sharedRuntime.cpp, line 625]
Event: 351.350 Thread 0x000002aef5aa4010 Exception <a 'java/lang/ArrayIndexOutOfBoundsException'{0x0000000712c1b550}> (0x0000000712c1b550) 
thrown [s\src\hotspot\share\runtime\sharedRuntime.cpp, line 625]
Event: 351.507 Thread 0x000002aef5aa4010 Exception <a 'java/lang/ArrayIndexOutOfBoundsException'{0x0000000711d8f4d0}> (0x0000000711d8f4d0) 
thrown [s\src\hotspot\share\runtime\sharedRuntime.cpp, line 625]
Event: 351.860 Thread 0x000002aef3a33500 Exception <a 'sun/nio/fs/WindowsException'{0x0000000710bb67a8}> (0x0000000710bb67a8) 
thrown [s\src\hotspot\share\prims\jni.cpp, line 520]
Event: 352.126 Thread 0x000002aef5aa4010 Exception <a 'java/lang/ArrayIndexOutOfBoundsException'{0x0000000717135b18}> (0x0000000717135b18) 
thrown [s\src\hotspot\share\runtime\sharedRuntime.cpp, line 625]
Event: 352.257 Thread 0x000002aef3a33500 Exception <a 'sun/nio/fs/WindowsException'{0x0000000716031068}> (0x0000000716031068) 
thrown [s\src\hotspot\share\prims\jni.cpp, line 520]
Event: 352.894 Thread 0x000002aef5aa4010 Exception <a 'java/lang/ArrayIndexOutOfBoundsException'{0x0000000715a0d5d8}> (0x0000000715a0d5d8) 
thrown [s\src\hotspot\share\runtime\sharedRuntime.cpp, line 625]
Event: 353.723 Thread 0x000002aef5aa4010 Exception <a 'java/lang/ArrayIndexOutOfBoundsException'{0x00000007159d7908}> (0x00000007159d7908) 
thrown [s\src\hotspot\share\runtime\sharedRuntime.cpp, line 625]
Event: 355.300 Thread 0x000002aef5aa4010 Exception <a 'java/lang/ArrayIndexOutOfBoundsException'{0x0000000713d67ca8}> (0x0000000713d67ca8) 
thrown [s\src\hotspot\share\runtime\sharedRuntime.cpp, line 625]
Event: 381.112 Thread 0x000002aef8956be0 Exception <a 'sun/nio/fs/WindowsException'{0x0000000710cf56e0}> (0x0000000710cf56e0) 
thrown [s\src\hotspot\share\prims\jni.cpp, line 520]
Event: 381.112 Thread 0x000002aef8956be0 Exception <a 'sun/nio/fs/WindowsException'{0x0000000710cf5fd0}> (0x0000000710cf5fd0) 
thrown [s\src\hotspot\share\prims\jni.cpp, line 520]
Event: 381.113 Thread 0x000002aef8956be0 Implicit null exception at 0x000002ae9dc4a908 to 0x000002ae9dc4ac08
Event: 381.154 Thread 0x000002aef8956be0 Exception <a 'java/lang/NoSuchMethodError'{0x0000000710dc1188}: static [J.<clinit>()V> (0x0000000710dc1188) 
thrown [s\src\hotspot\share\prims\jni.cpp, line 1111]
Event: 381.163 Thread 0x000002aef8956be0 Exception <a 'java/lang/NoSuchMethodError'{0x0000000710df0120}: 'java.lang.Object java.lang.invoke.DirectMethodHandle$Holder.newInvokeSpecial(java.lang.Object, java.lang.Object, java.lang.Object, java.lang.Object, java.lang.Object, java.lang.Object, java.lang.Object, java.lang.Object)'> (0x0000000710df0120) 
thrown [s\src\hotspot\share\interpreter\linkResolver.cpp, line 773]
Event: 409.233 Thread 0x000002aef5aaa280 Exception <a 'sun/nio/fs/WindowsException'{0x0000000711f4d090}> (0x0000000711f4d090) 
thrown [s\src\hotspot\share\prims\jni.cpp, line 520]
Event: 409.233 Thread 0x000002aef5aaa280 Exception <a 'sun/nio/fs/WindowsException'{0x0000000711f4d6d0}> (0x0000000711f4d6d0) 
thrown [s\src\hotspot\share\prims\jni.cpp, line 520]
Event: 422.638 Thread 0x000002aef5aaa280 Implicit null exception at 0x000002ae9d686338 to 0x000002ae9d6863cc
Event: 428.882 Thread 0x000002aef5aaa280 Exception <a 'java/lang/ArrayIndexOutOfBoundsException'{0x0000000716d46d48}> (0x0000000716d46d48) 
thrown [s\src\hotspot\share\runtime\sharedRuntime.cpp, line 625]
Event: 429.352 Thread 0x000002aef5aaa280 Exception <a 'java/lang/ArrayIndexOutOfBoundsException'{0x00000007165d1168}> (0x00000007165d1168) 
thrown [s\src\hotspot\share\runtime\sharedRuntime.cpp, line 625]
Event: 429.507 Thread 0x000002aef5aaa280 Exception <a 'java/lang/ArrayIndexOutOfBoundsException'{0x000000071618a400}> (0x000000071618a400) 
thrown [s\src\hotspot\share\runtime\sharedRuntime.cpp, line 625]

ZGC Phase Switch (0 events):
No events

VM Operations (20 events):
Event: 411.316 Executing safepoint VM operation: Cleanup
Event: 411.317 Executing safepoint VM operation: Cleanup done
Event: 412.327 Executing safepoint VM operation: Cleanup
Event: 412.327 Executing safepoint VM operation: Cleanup done
Event: 413.317 Executing safepoint VM operation: G1CollectForAllocation (G1 Evacuation Pause)
Event: 413.322 Executing safepoint VM operation: G1CollectForAllocation (G1 Evacuation Pause) done
Event: 420.835 Executing non-safepoint VM operation: HandshakeAllThreads (HandshakeForDeflation)
Event: 420.835 Executing non-safepoint VM operation: HandshakeAllThreads (HandshakeForDeflation) done
Event: 420.835 Executing non-safepoint VM operation: RendezvousGCThreads
Event: 420.835 Executing non-safepoint VM operation: RendezvousGCThreads done
Event: 428.893 Executing safepoint VM operation: Cleanup
Event: 428.893 Executing safepoint VM operation: Cleanup done
Event: 480.944 Executing non-safepoint VM operation: HandshakeAllThreads (HandshakeForDeflation)
Event: 480.944 Executing non-safepoint VM operation: HandshakeAllThreads (HandshakeForDeflation) done
Event: 480.944 Executing non-safepoint VM operation: RendezvousGCThreads
Event: 480.944 Executing non-safepoint VM operation: RendezvousGCThreads done
Event: 540.969 Executing non-safepoint VM operation: HandshakeAllThreads (HandshakeForDeflation)
Event: 540.969 Executing non-safepoint VM operation: HandshakeAllThreads (HandshakeForDeflation) done
Event: 540.969 Executing non-safepoint VM operation: RendezvousGCThreads
Event: 540.969 Executing non-safepoint VM operation: RendezvousGCThreads done

Memory protections (0 events):
No events

Nmethod flushes (20 events):
Event: 352.089 Thread 0x000002aead82c660 flushing  nmethod 0x000002ae95ffcb10
Event: 352.089 Thread 0x000002aead82c660 flushing  nmethod 0x000002ae9709f690
Event: 352.089 Thread 0x000002aead82c660 flushing  nmethod 0x000002ae979c7d90
Event: 352.089 Thread 0x000002aead82c660 flushing  nmethod 0x000002ae97cd4d90
Event: 352.089 Thread 0x000002aead82c660 flushing  nmethod 0x000002ae97cf0610
Event: 352.089 Thread 0x000002aead82c660 flushing  nmethod 0x000002ae97cf1590
Event: 352.089 Thread 0x000002aead82c660 flushing  nmethod 0x000002ae97dd0590
Event: 352.089 Thread 0x000002aead82c660 flushing  nmethod 0x000002ae9858a810
Event: 352.089 Thread 0x000002aead82c660 flushing  nmethod 0x000002ae98594710
Event: 352.089 Thread 0x000002aead82c660 flushing  nmethod 0x000002ae97988590
Event: 352.089 Thread 0x000002aead82c660 flushing  nmethod 0x000002ae9798f810
Event: 352.089 Thread 0x000002aead82c660 flushing  nmethod 0x000002ae97ab4990
Event: 352.089 Thread 0x000002aead82c660 flushing  nmethod 0x000002ae97ab7890
Event: 352.089 Thread 0x000002aead82c660 flushing  nmethod 0x000002ae97ab9d90
Event: 352.089 Thread 0x000002aead82c660 flushing  nmethod 0x000002ae97f87710
Event: 352.089 Thread 0x000002aead82c660 flushing  nmethod 0x000002ae9db7c610
Event: 352.089 Thread 0x000002aead82c660 flushing  nmethod 0x000002ae95f0a490
Event: 352.089 Thread 0x000002aead82c660 flushing  nmethod 0x000002ae962be590
Event: 352.089 Thread 0x000002aead82c660 flushing  nmethod 0x000002ae974f4510
Event: 352.089 Thread 0x000002aead82c660 flushing  nmethod 0x000002ae97c77590

Events (20 events):
Event: 389.085 Thread 0x000002aef85feca0 Thread exited: 0x000002aef85feca0
Event: 389.085 Thread 0x000002aef85fc3c0 Thread exited: 0x000002aef85fc3c0
Event: 394.091 Thread 0x000002aef85fb620 Thread exited: 0x000002aef85fb620
Event: 409.227 Thread 0x000002aead878090 Thread added: 0x000002aef85fb620
Event: 409.227 Thread 0x000002aead878090 Thread added: 0x000002aef85f7fa0
Event: 409.227 Thread 0x000002aead878090 Thread added: 0x000002aef85fdf00
Event: 409.230 Thread 0x000002aef85fb620 Thread added: 0x000002aef85fe5d0
Event: 410.079 Thread 0x000002aef85fdf00 Thread exited: 0x000002aef85fdf00
Event: 410.079 Thread 0x000002aef85f7fa0 Thread exited: 0x000002aef85f7fa0
Event: 410.870 Thread 0x000002aef85fb620 Thread exited: 0x000002aef85fb620
Event: 410.870 Thread 0x000002aef85fe5d0 Thread exited: 0x000002aef85fe5d0
Event: 412.029 Thread 0x000002aef8954480 Thread exited: 0x000002aef8954480
Event: 428.709 Thread 0x000002aef6685710 Thread exited: 0x000002aef6685710
Event: 428.881 Thread 0x000002aef3a327e0 Thread exited: 0x000002aef3a327e0
Event: 428.882 Thread 0x000002aef5aa46a0 Thread exited: 0x000002aef5aa46a0
Event: 489.517 Thread 0x000002aef3a32e70 Thread exited: 0x000002aef3a32e70
Event: 491.720 Thread 0x000002aef5aaa280 Thread exited: 0x000002aef5aaa280
Event: 524.696 Thread 0x000002aef8583930 Thread exited: 0x000002aef8583930
Event: 524.716 Thread 0x000002aef8583fc0 Thread exited: 0x000002aef8583fc0
Event: 551.730 Thread 0x000002aef7627540 Thread exited: 0x000002aef7627540


Dynamic libraries:
0x00007ff6f62f0000 - 0x00007ff6f62fe000 	c:\Users\ASUS\.vscode\extensions\redhat.java-1.55.0-win32-x64\jre\21.0.11-win32-x86_64\bin\java.exe
0x00007ffc02e00000 - 0x00007ffc03066000 	C:\WINDOWS\SYSTEM32\ntdll.dll
0x00007ffc00c70000 - 0x00007ffc00d39000 	C:\WINDOWS\System32\KERNEL32.DLL
0x00007ffc00300000 - 0x00007ffc006fe000 	C:\WINDOWS\System32\KERNELBASE.dll
0x00007ffc00020000 - 0x00007ffc0016c000 	C:\WINDOWS\System32\ucrtbase.dll
0x00007ffbde900000 - 0x00007ffbde91e000 	c:\Users\ASUS\.vscode\extensions\redhat.java-1.55.0-win32-x64\jre\21.0.11-win32-x86_64\bin\VCRUNTIME140.dll
0x00007ffbedb80000 - 0x00007ffbedb98000 	c:\Users\ASUS\.vscode\extensions\redhat.java-1.55.0-win32-x64\jre\21.0.11-win32-x86_64\bin\jli.dll
0x00007ffc02380000 - 0x00007ffc02547000 	C:\WINDOWS\System32\USER32.dll
0x00007ffbe73d0000 - 0x00007ffbe7662000 	C:\WINDOWS\WinSxS\amd64_microsoft.windows.common-controls_6595b64144ccf1df_6.0.26100.8875_none_3e0d5d42e32fe9dd\COMCTL32.dll
0x00007ffc00840000 - 0x00007ffc00867000 	C:\WINDOWS\System32\win32u.dll
0x00007ffc00d40000 - 0x00007ffc00de9000 	C:\WINDOWS\System32\msvcrt.dll
0x00007ffc02340000 - 0x00007ffc0236b000 	C:\WINDOWS\System32\GDI32.dll
0x00007ffc00710000 - 0x00007ffc0083a000 	C:\WINDOWS\System32\gdi32full.dll
0x00007ffc00a80000 - 0x00007ffc00b23000 	C:\WINDOWS\System32\msvcp_win.dll
0x00007ffc00fd0000 - 0x00007ffc01002000 	C:\WINDOWS\System32\IMM32.DLL
0x00007ffbdd270000 - 0x00007ffbdd27c000 	c:\Users\ASUS\.vscode\extensions\redhat.java-1.55.0-win32-x64\jre\21.0.11-win32-x86_64\bin\vcruntime140_1.dll
0x00007ffb63820000 - 0x00007ffb638ad000 	c:\Users\ASUS\.vscode\extensions\redhat.java-1.55.0-win32-x64\jre\21.0.11-win32-x86_64\bin\msvcp140.dll
0x00007ffb09250000 - 0x00007ffb09ff2000 	c:\Users\ASUS\.vscode\extensions\redhat.java-1.55.0-win32-x64\jre\21.0.11-win32-x86_64\bin\server\jvm.dll
0x00007ffc00f10000 - 0x00007ffc00fc7000 	C:\WINDOWS\System32\ADVAPI32.dll
0x00007ffc013a0000 - 0x00007ffc0144a000 	C:\WINDOWS\System32\sechost.dll
0x00007ffc00df0000 - 0x00007ffc00f08000 	C:\WINDOWS\System32\RPCRT4.dll
0x00007ffc02680000 - 0x00007ffc02700000 	C:\WINDOWS\System32\WS2_32.dll
0x00007ffbe7cd0000 - 0x00007ffbe7cdb000 	C:\WINDOWS\SYSTEM32\VERSION.dll
0x00007ffbffe80000 - 0x00007ffbffede000 	C:\WINDOWS\SYSTEM32\POWRPROF.dll
0x00007ffbf3a40000 - 0x00007ffbf3a76000 	C:\WINDOWS\SYSTEM32\WINMM.dll
0x00007ffbffe60000 - 0x00007ffbffe74000 	C:\WINDOWS\SYSTEM32\UMPDC.dll
0x00007ffbfed00000 - 0x00007ffbfed1b000 	C:\WINDOWS\SYSTEM32\kernel.appcore.dll
0x00007ffbd2b10000 - 0x00007ffbd2b1a000 	c:\Users\ASUS\.vscode\extensions\redhat.java-1.55.0-win32-x64\jre\21.0.11-win32-x86_64\bin\jimage.dll
0x00007ffbfd0b0000 - 0x00007ffbfd2f2000 	C:\WINDOWS\SYSTEM32\DBGHELP.DLL
0x00007ffc01010000 - 0x00007ffc01393000 	C:\WINDOWS\System32\combase.dll
0x00007ffc01900000 - 0x00007ffc019d9000 	C:\WINDOWS\System32\OLEAUT32.dll
0x00007ffbe1f30000 - 0x00007ffbe1f6b000 	C:\WINDOWS\SYSTEM32\dbgcore.DLL
0x00007ffc00180000 - 0x00007ffc0022c000 	C:\WINDOWS\System32\bcryptPrimitives.dll
0x00007ffbd2b00000 - 0x00007ffbd2b0f000 	c:\Users\ASUS\.vscode\extensions\redhat.java-1.55.0-win32-x64\jre\21.0.11-win32-x86_64\bin\instrument.dll
0x00007ffbc9270000 - 0x00007ffbc9290000 	c:\Users\ASUS\.vscode\extensions\redhat.java-1.55.0-win32-x64\jre\21.0.11-win32-x86_64\bin\java.dll
0x00007ffc019e0000 - 0x00007ffc02172000 	C:\WINDOWS\System32\SHELL32.dll
0x00007ffbfda90000 - 0x00007ffbfe322000 	C:\WINDOWS\SYSTEM32\windows.storage.dll
0x00007ffc02580000 - 0x00007ffc02677000 	C:\WINDOWS\System32\SHCORE.dll
0x00007ffc021d0000 - 0x00007ffc02237000 	C:\WINDOWS\System32\shlwapi.dll
0x00007ffbfff40000 - 0x00007ffbfff69000 	C:\WINDOWS\SYSTEM32\profapi.dll
0x00007ffbc8de0000 - 0x00007ffbc8df8000 	c:\Users\ASUS\.vscode\extensions\redhat.java-1.55.0-win32-x64\jre\21.0.11-win32-x86_64\bin\zip.dll
0x00007ffbd2af0000 - 0x00007ffbd2b00000 	C:\Users\ASUS\.vscode\extensions\redhat.java-1.55.0-win32-x64\jre\21.0.11-win32-x86_64\bin\net.dll
0x00007ffbf6c00000 - 0x00007ffbf6d27000 	C:\WINDOWS\SYSTEM32\WINHTTP.dll
0x00007ffbff2b0000 - 0x00007ffbff31c000 	C:\WINDOWS\system32\mswsock.dll
0x00007ffbc1c80000 - 0x00007ffbc1c96000 	C:\Users\ASUS\.vscode\extensions\redhat.java-1.55.0-win32-x64\jre\21.0.11-win32-x86_64\bin\nio.dll
0x00007ffbd2a90000 - 0x00007ffbd2aa0000 	c:\Users\ASUS\.vscode\extensions\redhat.java-1.55.0-win32-x64\jre\21.0.11-win32-x86_64\bin\verify.dll
0x00007ffb88a10000 - 0x00007ffb88a55000 	C:\Users\ASUS\AppData\Roaming\Code\User\globalStorage\redhat.java\1.55.0\config_win\org.eclipse.equinox.launcher\org.eclipse.equinox.launcher.win32.win32.x86_64_1.3.100.v20260613-0559\eclipse_11924.dll
0x00007ffc028f0000 - 0x00007ffc02a89000 	C:\WINDOWS\System32\ole32.dll
0x00007ffbff5b0000 - 0x00007ffbff5cb000 	C:\WINDOWS\SYSTEM32\CRYPTSP.dll
0x00007ffbfec60000 - 0x00007ffbfec99000 	C:\WINDOWS\system32\rsaenh.dll
0x00007ffbff370000 - 0x00007ffbff3a2000 	C:\WINDOWS\SYSTEM32\USERENV.dll
0x00007ffbfff10000 - 0x00007ffbfff3a000 	C:\WINDOWS\SYSTEM32\bcrypt.dll
0x00007ffbff5d0000 - 0x00007ffbff5dc000 	C:\WINDOWS\SYSTEM32\CRYPTBASE.dll
0x00007ffbfe740000 - 0x00007ffbfe773000 	C:\WINDOWS\SYSTEM32\IPHLPAPI.DLL
0x00007ffc02b80000 - 0x00007ffc02b8a000 	C:\WINDOWS\System32\NSI.dll
0x00007ffb8e380000 - 0x00007ffb8e3c9000 	C:\Users\ASUS\AppData\Local\Temp\jna-2018896\jna8261115033183592330.dll
0x00007ffc02a90000 - 0x00007ffc02a98000 	C:\WINDOWS\System32\PSAPI.DLL
0x00007ffbf7cf0000 - 0x00007ffbf7d0d000 	C:\WINDOWS\SYSTEM32\dhcpcsvc6.DLL
0x00007ffbf7bb0000 - 0x00007ffbf7bd5000 	C:\WINDOWS\SYSTEM32\dhcpcsvc.DLL
0x00007ffbc8dd0000 - 0x00007ffbc8dde000 	C:\Users\ASUS\.vscode\extensions\redhat.java-1.55.0-win32-x64\jre\21.0.11-win32-x86_64\bin\sunmscapi.dll
0x00007ffc00870000 - 0x00007ffc009e8000 	C:\WINDOWS\System32\CRYPT32.dll
0x00007ffbff7f0000 - 0x00007ffbff820000 	C:\WINDOWS\SYSTEM32\ncrypt.dll
0x00007ffbff7a0000 - 0x00007ffbff7df000 	C:\WINDOWS\SYSTEM32\NTASN1.dll
0x00007ffbfe780000 - 0x00007ffbfe8d6000 	C:\WINDOWS\SYSTEM32\DNSAPI.dll
0x00007ffbff0b0000 - 0x00007ffbff0bd000 	C:\WINDOWS\SYSTEM32\DSPARSE.dll
0x00007ffbf6600000 - 0x00007ffbf660b000 	C:\Windows\System32\rasadhlp.dll
0x00007ffbf7f60000 - 0x00007ffbf7fe6000 	C:\WINDOWS\System32\fwpuclnt.dll
0x00007ffbc3930000 - 0x00007ffbc3939000 	C:\Users\ASUS\.vscode\extensions\redhat.java-1.55.0-win32-x64\jre\21.0.11-win32-x86_64\bin\extnet.dll

JVMTI agents:
c:\Users\ASUS\.vscode\extensions\redhat.java-1.55.0-win32-x64\lombok\lombok-1.18.39-4050.jar path:c:\Users\ASUS\.vscode\extensions\redhat.java-1.55.0-win32-x64\jre\21.0.11-win32-x86_64\bin\instrument.dll, loaded, initialized, instrumentlib options:none

dbghelp: loaded successfully - version: 4.0.5 - missing functions: none
symbol engine: initialized successfully - sym options: 0x614 - pdb path: .;c:\Users\ASUS\.vscode\extensions\redhat.java-1.55.0-win32-x64\jre\21.0.11-win32-x86_64\bin;C:\WINDOWS\SYSTEM32;C:\WINDOWS\WinSxS\amd64_microsoft.windows.common-controls_6595b64144ccf1df_6.0.26100.8875_none_3e0d5d42e32fe9dd;c:\Users\ASUS\.vscode\extensions\redhat.java-1.55.0-win32-x64\jre\21.0.11-win32-x86_64\bin\server;C:\Users\ASUS\AppData\Roaming\Code\User\globalStorage\redhat.java\1.55.0\config_win\org.eclipse.equinox.launcher\org.eclipse.equinox.launcher.win32.win32.x86_64_1.3.100.v20260613-0559;C:\Users\ASUS\AppData\Local\Temp\jna-2018896

VM Arguments:
jvm_args: --add-modules=ALL-SYSTEM --add-opens=java.base/java.util=ALL-UNNAMED --add-opens=java.base/java.lang=ALL-UNNAMED --add-opens=java.base/sun.nio.fs=ALL-UNNAMED -Declipse.application=org.eclipse.jdt.ls.core.id1 -Dosgi.bundles.defaultStartLevel=4 -Declipse.product=org.eclipse.jdt.ls.core.product -Djava.import.generatesMetadataFilesAtProjectRoot=false -DDetectVMInstallationsJob.disabled=true -Dfile.encoding=utf8 -Xlog:disable -javaagent:c:\Users\ASUS\.vscode\extensions\redhat.java-1.55.0-win32-x64\lombok\lombok-1.18.39-4050.jar -XX:+HeapDumpOnOutOfMemoryError -XX:HeapDumpPath=c:\Users\ASUS\AppData\Roaming\Code\User\workspaceStorage\4b27e2fea5c82209b7a84ff80160f06c\redhat.java -Daether.dependencyCollector.impl=bf 
java_command: c:\Users\ASUS\.vscode\extensions\redhat.java-1.55.0-win32-x64\server\plugins\org.eclipse.equinox.launcher_1.7.200.v20260619-2039.jar -configuration c:\Users\ASUS\AppData\Roaming\Code\User\globalStorage\redhat.java\1.55.0\config_win -data c:\Users\ASUS\AppData\Roaming\Code\User\workspaceStorage\4b27e2fea5c82209b7a84ff80160f06c\redhat.java\jdt_ws --pipe=\\.\pipe\lsp-c37caae4a3f74bcabe0ec694ed2d28bb-sock
java_class_path (initial): c:\Users\ASUS\.vscode\extensions\redhat.java-1.55.0-win32-x64\server\plugins\org.eclipse.equinox.launcher_1.7.200.v20260619-2039.jar
Launcher Type: SUN_STANDARD

[Global flags]
     intx CICompilerCount                          = 12                                        {product} {ergonomic}
     uint ConcGCThreads                            = 3                                         {product} {ergonomic}
     uint G1ConcRefinementThreads                  = 13                                        {product} {ergonomic}
   size_t G1HeapRegionSize                         = 2097152                                   {product} {ergonomic}
    uintx GCDrainStackTargetSize                   = 64                                        {product} {ergonomic}
     bool HeapDumpOnOutOfMemoryError               = true                                   {manageable} {command line}
    ccstr HeapDumpPath                             = c:\Users\ASUS\AppData\Roaming\Code\User\workspaceStorage\4b27e2fea5c82209b7a84ff80160f06c\redhat.java         {manageable} {command line}
   size_t InitialHeapSize                          = 264241152                                 {product} {ergonomic}
   size_t MarkStackSize                            = 4194304                                   {product} {ergonomic}
   size_t MaxHeapSize                              = 4215275520                                {product} {ergonomic}
   size_t MaxNewSize                               = 2529165312                                {product} {ergonomic}
   size_t MinHeapDeltaBytes                        = 2097152                                   {product} {ergonomic}
   size_t MinHeapSize                              = 8388608                                   {product} {ergonomic}
    uintx NonNMethodCodeHeapSize                   = 7602480                                {pd product} {ergonomic}
    uintx NonProfiledCodeHeapSize                  = 122027880                              {pd product} {ergonomic}
    uintx ProfiledCodeHeapSize                     = 122027880                              {pd product} {ergonomic}
    uintx ReservedCodeCacheSize                    = 251658240                              {pd product} {ergonomic}
     bool SegmentedCodeCache                       = true                                      {product} {ergonomic}
   size_t SoftMaxHeapSize                          = 4215275520                             {manageable} {ergonomic}
     bool UseCompressedOops                        = true                           {product lp64_product} {ergonomic}
     bool UseG1GC                                  = true                                      {product} {ergonomic}
     bool UseLargePagesIndividualAllocation        = false                                  {pd product} {ergonomic}

Logging:
Log output configuration:
 #0: stdout all=off uptime,level,tags foldmultilines=false
 #1: stderr all=off uptime,level,tags foldmultilines=false

Release file:
JAVA_VERSION="21.0.11" 
MODULES="java.base java.compiler java.datatransfer java.xml java.prefs java.desktop java.instrument java.logging java.management java.security.sasl java.naming java.rmi java.management.rmi java.net.http java.scripting java.security.jgss java.transaction.xa java.sql java.sql.rowset java.xml.crypto java.se java.smartcardio jdk.accessibility jdk.internal.jvmstat jdk.attach jdk.charsets jdk.internal.opt jdk.zipfs jdk.compiler jdk.crypto.ec jdk.crypto.cryptoki jdk.crypto.mscapi jdk.dynalink jdk.internal.ed jdk.editpad jdk.hotspot.agent jdk.httpserver jdk.internal.le jdk.internal.vm.ci jdk.internal.vm.compiler jdk.internal.vm.compiler.management jdk.jartool jdk.javadoc jdk.jcmd jdk.management jdk.management.agent jdk.jconsole jdk.jdeps jdk.jdwp.agent jdk.jdi jdk.jfr jdk.jshell jdk.jsobject jdk.jstatd jdk.localedata jdk.management.jfr jdk.naming.dns jdk.naming.rmi jdk.net jdk.nio.mapmode jdk.random jdk.sctp jdk.security.auth jdk.security.jgss jdk.unsupported jdk.unsupported.desktop jdk.xml.dom" 

Environment Variables:
JAVA_HOME=C:\Program Files\Java\jdk-21.0.9
PATH=C:\Program Files\Java\jdk-21.0.9\bin;C:\Program Files\Common Files\Oracle\Java\javapath;C:\WINDOWS\system32;C:\WINDOWS;C:\WINDOWS\System32\Wbem;C:\WINDOWS\System32\WindowsPowerShell\v1.0\;C:\WINDOWS\System32\OpenSSH\;C:\Program Files (x86)\Microsoft SQL Server\160\Tools\Binn\;C:\Program Files\Microsoft SQL Server\160\Tools\Binn\;C:\Program Files\Microsoft SQL Server\Client SDK\ODBC\170\Tools\Binn\;C:\Program Files\Microsoft SQL Server\160\DTS\Binn\;C:\Program Files\Git\cmd;C:\Program Files\MySQL\MySQL Server 9.2\bin;C:\Program Files\Microsoft SQL Server\150\Tools\Binn\;C:\Program Files\Docker\Docker\resources\bin;C:\Program Files\nodejs\;C:\Users\ASUS\AppData\Local\Programs\Python\Python312\Scripts\;C:\Users\ASUS\AppData\Local\Programs\Python\Python312\;C:\Users\ASUS\AppData\Local\Programs\Python\Launcher\;C:\Users\ASUS\AppData\Local\Microsoft\WindowsApps;C:\Users\ASUS\AppData\Local\Programs\Microsoft VS Code\bin;C:\Users\ASUS\Downloads\mysql-connector-j-9.2.0.zip\mysql-connector-j-9.2.0;C:\Users\ASUS\AppData\Local\JetBrains\IntelliJ IDEA Community Edition 2024.3.4.1\bin;C:\Users\ASUS\Downloads\apache-maven-3.9.9-bin\apache-maven-3.9.9\bin;C:\Users\ASUS\AppData\Roaming\npm;C:\Users\ASUS\AppData\Local\Programs\mongosh\;C:\Users\ASUS\AppData\Local\Programs\Antigravity\bin;C:\Users\ASUS\AppData\Local\Kingsoft\WPS Office\12.1.0.27458\clitool
USERNAME=ASUS
OS=Windows_NT
PROCESSOR_IDENTIFIER=Intel64 Family 6 Model 154 Stepping 3, GenuineIntel
TMP=C:\Users\ASUS\AppData\Local\Temp
TEMP=C:\Users\ASUS\AppData\Local\Temp




Periodic native trim disabled

---------------  S Y S T E M  ---------------

OS:
 Windows 11 , 64 bit Build 26100 (10.0.26100.8875)
OS uptime: 5 days 3:25 hours
Hyper-V role detected

CPU: total 16 (initial active 16) (8 cores per cpu, 2 threads per core) family 6 model 154 stepping 3 microcode 0x41b, cx8, cmov, fxsr, ht, mmx, 3dnowpref, sse, sse2, sse3, ssse3, sse4.1, sse4.2, popcnt, lzcnt, tsc, tscinvbit, avx, avx2, aes, erms, clmul, bmi1, bmi2, adx, sha, fma, vzeroupper, clflush, clflushopt, clwb, hv, serialize, rdtscp, rdpid, fsrm, f16c, cet_ibt, cet_ss
Processor Information for processor 0
  Max Mhz: 2100, Current Mhz: 2100, Mhz Limit: 2100
Processor Information for processor 1
  Max Mhz: 2100, Current Mhz: 2100, Mhz Limit: 2100
Processor Information for processor 2
  Max Mhz: 2100, Current Mhz: 2100, Mhz Limit: 2100
Processor Information for processor 3
  Max Mhz: 2100, Current Mhz: 2100, Mhz Limit: 2100
Processor Information for processor 4
  Max Mhz: 2100, Current Mhz: 2100, Mhz Limit: 2100
Processor Information for processor 5
  Max Mhz: 2100, Current Mhz: 2100, Mhz Limit: 2100
Processor Information for processor 6
  Max Mhz: 2100, Current Mhz: 2100, Mhz Limit: 2100
Processor Information for processor 7
  Max Mhz: 2100, Current Mhz: 2100, Mhz Limit: 2100
Processor Information for processor 8
  Max Mhz: 2100, Current Mhz: 1500, Mhz Limit: 1491
Processor Information for processor 9
  Max Mhz: 2100, Current Mhz: 1500, Mhz Limit: 1491
Processor Information for processor 10
  Max Mhz: 2100, Current Mhz: 1500, Mhz Limit: 1491
Processor Information for processor 11
  Max Mhz: 2100, Current Mhz: 1500, Mhz Limit: 1491
Processor Information for processor 12
  Max Mhz: 2100, Current Mhz: 1500, Mhz Limit: 1491
Processor Information for processor 13
  Max Mhz: 2100, Current Mhz: 1500, Mhz Limit: 1491
Processor Information for processor 14
  Max Mhz: 2100, Current Mhz: 1500, Mhz Limit: 1491
Processor Information for processor 15
  Max Mhz: 2100, Current Mhz: 1500, Mhz Limit: 1491

Memory: 4k page, system-wide physical 16077M (1571M free)
TotalPageFile size 28577M (AvailPageFile size 160M)
current process WorkingSet (physical memory assigned to process): 298M, peak: 718M
current process commit charge ("private bytes"): 647M, peak: 765M

vm_info: OpenJDK 64-Bit Server VM (21.0.11+10-LTS) for windows-amd64 JRE (21.0.11+10-LTS), built on 2026-04-21T00:00:00Z by "admin" with MS VC++ 17.12 (VS2022)

END.
